Component: ARM Compiler 5.06 update 6 (build 750) Tool: armlink [4d35ed]

==============================================================================

Section Cross References

    main.o(.text) refers to pin.o(.text) for rt_pin_mode
    main.o(.text) refers to kservice.o(.text) for rt_kprintf
    main.o(.text) refers to thread.o(.text) for rt_thread_mdelay
    main.o(FSymTab) refers to main.o(.rodata.name) for __fsym___cmd_led_name
    main.o(FSymTab) refers to main.o(.text) for led
    board.o(.text) refers to stm32f1xx_hal_cortex.o(.text) for HAL_NVIC_SetPriorityGrouping
    board.o(.text) refers to stm32f1xx_hal_rcc.o(.text) for HAL_RCC_OscConfig
    board.o(.text) refers to kservice.o(.text) for rt_assert_handler
    board.o(.text) refers to irq.o(.text) for rt_interrupt_enter
    board.o(.text) refers to stm32f1xx_hal.o(.text) for HAL_IncTick
    board.o(.text) refers to clock.o(.text) for rt_tick_increase
    board.o(.text) refers to mem.o(.text) for rt_system_heap_init
    board.o(.text) refers to components.o(.text) for rt_components_board_init
    board.o(.text) refers to board.o(.constdata) for __FUNCTION__
    board.o(.text) refers to board.o(.conststring) for .conststring
    drv_gpio.o(.text) refers to stm32f1xx_hal_gpio.o(.text) for HAL_GPIO_WritePin
    drv_gpio.o(.text) refers to context_rvds.o(.text) for rt_hw_interrupt_disable
    drv_gpio.o(.text) refers to stm32f1xx_hal_cortex.o(.text) for HAL_NVIC_SetPriority
    drv_gpio.o(.text) refers to drv_gpio.o(.constdata) for pins
    drv_gpio.o(.text) refers to drv_gpio.o(.data) for pin_irq_hdr_tab
    drv_gpio.o(.text) refers to pin.o(.text) for rt_device_pin_register
    drv_gpio.o(.text) refers to irq.o(.text) for rt_interrupt_enter
    drv_gpio.o(.constdata) refers to drv_gpio.o(.text) for GPIOE_CLK_ENABLE
    drv_gpio.o(.rti_fn.1) refers to drv_gpio.o(.text) for rt_hw_pin_init
    drv_usart.o(.text) refers to kservice.o(.text) for rt_assert_handler
    drv_usart.o(.text) refers to stm32f1xx_hal_uart.o(.text) for HAL_UART_Init
    drv_usart.o(.text) refers to serial.o(.text) for rt_hw_serial_isr
    drv_usart.o(.text) refers to irq.o(.text) for rt_interrupt_enter
    drv_usart.o(.text) refers to stm32f1xx_hal_gpio.o(.text) for HAL_GPIO_Init
    drv_usart.o(.text) refers to stm32f1xx_hal_cortex.o(.text) for HAL_NVIC_SetPriority
    drv_usart.o(.text) refers to drv_usart.o(.constdata) for __FUNCTION__
    drv_usart.o(.text) refers to drv_usart.o(.bss) for serial1
    drv_usart.o(.text) refers to drv_usart.o(.data) for uart1
    drv_usart.o(.constdata) refers to drv_usart.o(.text) for stm32_configure
    drv_usart.o(.rti_fn.1) refers to drv_usart.o(.text) for rt_hw_usart_init
    system_stm32f1xx.o(.text) refers to system_stm32f1xx.o(.data) for SystemCoreClock
    system_stm32f1xx.o(.text) refers to system_stm32f1xx.o(.constdata) for AHBPrescTable
    stm32f1xx_hal_gpio.o(.text) refers to drv_gpio.o(.text) for HAL_GPIO_EXTI_Callback
    stm32f1xx_hal_flash.o(.text) refers to stm32f1xx_hal.o(.text) for HAL_GetTick
    stm32f1xx_hal_flash.o(.text) refers to llushr.o(.text) for __aeabi_llsr
    stm32f1xx_hal_flash.o(.text) refers to stm32f1xx_hal_flash_ex.o(.text) for FLASH_PageErase
    stm32f1xx_hal_flash.o(.text) refers to stm32f1xx_hal_flash.o(.bss) for pFlash
    stm32f1xx_hal_flash.o(.text) refers to stm32f1xx_hal_cortex.o(.text) for HAL_NVIC_SystemReset
    stm32f1xx_hal_flash_ex.o(.text) refers to stm32f1xx_hal_flash.o(.text) for FLASH_WaitForLastOperation
    stm32f1xx_hal_flash_ex.o(.text) refers to stm32f1xx_hal_flash.o(.bss) for pFlash
    stm32f1xx_hal_dma.o(.text) refers to stm32f1xx_hal.o(.text) for HAL_GetTick
    stm32f1xx_hal_rcc.o(.text) refers to stm32f1xx_hal.o(.text) for HAL_GetTick
    stm32f1xx_hal_rcc.o(.text) refers to system_stm32f1xx.o(.data) for SystemCoreClock
    stm32f1xx_hal_rcc.o(.text) refers to stm32f1xx_hal_gpio.o(.text) for HAL_GPIO_Init
    stm32f1xx_hal_rcc.o(.text) refers to system_stm32f1xx.o(.constdata) for AHBPrescTable
    stm32f1xx_hal_rcc_ex.o(.text) refers to stm32f1xx_hal.o(.text) for HAL_GetTick
    stm32f1xx_hal_rcc_ex.o(.text) refers to stm32f1xx_hal_rcc.o(.text) for HAL_RCC_GetSysClockFreq
    stm32f1xx_hal_tim.o(.text) refers to stm32f1xx_hal_dma.o(.text) for HAL_DMA_Start_IT
    stm32f1xx_hal_tim.o(.text) refers to stm32f1xx_hal_tim_ex.o(.text) for HAL_TIMEx_BreakCallback
    stm32f1xx_hal_tim_ex.o(.text) refers to stm32f1xx_hal_tim.o(.text) for TIM_Base_SetConfig
    stm32f1xx_hal_tim_ex.o(.text) refers to stm32f1xx_hal_dma.o(.text) for HAL_DMA_Start_IT
    stm32f1xx_hal_uart.o(.text) refers to stm32f1xx_hal_rcc.o(.text) for HAL_RCC_GetPCLK2Freq
    stm32f1xx_hal_uart.o(.text) refers to drv_usart.o(.text) for HAL_UART_MspInit
    stm32f1xx_hal_uart.o(.text) refers to stm32f1xx_hal.o(.text) for HAL_GetTick
    stm32f1xx_hal_uart.o(.text) refers to stm32f1xx_hal_dma.o(.text) for HAL_DMA_Start_IT
    stm32f1xx_hal_usart.o(.text) refers to stm32f1xx_hal_rcc.o(.text) for HAL_RCC_GetPCLK2Freq
[...]
    __ARM_use_no_argv                        0x00000000   Number         0  main.o ABSOLUTE
    __cpp_initialize__aeabi_                  - Undefined Weak Reference
    __cxa_finalize                            - Undefined Weak Reference
    _clock_init                               - Undefined Weak Reference
    _microlib_exit                            - Undefined Weak Reference
    __Vectors_Size                           0x00000130   Number         0  startup_stm32f103xe.o ABSOLUTE
    __Vectors                                0x08000000   Data           4  startup_stm32f103xe.o(RESET)
    __Vectors_End                            0x08000130   Data           0  startup_stm32f103xe.o(RESET)
    __main                                   0x08000131   Thumb Code     0  entry.o(.ARM.Collect$$$$00000000)
    _main_stk                                0x08000131   Thumb Code     0  entry2.o(.ARM.Collect$$$$00000001)
    _main_scatterload                        0x08000135   Thumb Code     0  entry5.o(.ARM.Collect$$$$00000004)
    __main_after_scatterload                 0x08000139   Thumb Code     0  entry5.o(.ARM.Collect$$$$00000004)
    _main_clock                              0x08000139   Thumb Code     0  entry7b.o(.ARM.Collect$$$$00000008)
    _main_cpp_init                           0x08000139   Thumb Code     0  entry8b.o(.ARM.Collect$$$$0000000A)
    _main_init                               0x08000139   Thumb Code     0  entry9a.o(.ARM.Collect$$$$0000000B)
    __rt_final_cpp                           0x08000141   Thumb Code     0  entry10a.o(.ARM.Collect$$$$0000000D)
    __rt_final_exit                          0x08000141   Thumb Code     0  entry11a.o(.ARM.Collect$$$$0000000F)
    $Super$$main                             0x08000145   Thumb Code     4  main.o(.text)
    led                                      0x08000149   Thumb Code    72  main.o(.text)
    HAL_MspInit                              0x080001b5   Thumb Code   140  board.o(.text)
    SystemClock_Config                       0x08000241   Thumb Code   130  board.o(.text)
    SysTick_Handler                          0x080002c3   Thumb Code    20  board.o(.text)
    rt_hw_board_init                         0x080002d7   Thumb Code    30  board.o(.text)
    NMI_Handler                              0x08000345   Thumb Code     2  stm32f1xx_it.o(.text)
    MemManage_Handler                        0x08000347   Thumb Code     4  stm32f1xx_it.o(.text)
    BusFault_Handler                         0x0800034b   Thumb Code     4  stm32f1xx_it.o(.text)
    UsageFault_Handler                       0x0800034f   Thumb Code     4  stm32f1xx_it.o(.text)
    DebugMon_Handler                         0x08000353   Thumb Code     2  stm32f1xx_it.o(.text)
    get_pin                                  0x08000435   Thumb Code    26  drv_gpio.o(.text)
    stm32_pin_write                          0x0800044f   Thumb Code    40  drv_gpio.o(.text)
    stm32_pin_read                           0x08000477   Thumb Code    42  drv_gpio.o(.text)
    stm32_pin_mode                           0x080004a1   Thumb Code   120  drv_gpio.o(.text)
    stm32_pin_attach_irq                     0x08000537   Thumb Code   216  drv_gpio.o(.text)
    stm32_pin_dettach_irq                    0x0800060f   Thumb Code   134  drv_gpio.o(.text)
    stm32_pin_irq_enable                     0x08000695   Thumb Code   288  drv_gpio.o(.text)
    rt_hw_pin_init                           0x080007b5   Thumb Code    18  drv_gpio.o(.text)
    HAL_GPIO_EXTI_Callback                   0x080007c7   Thumb Code    54  drv_gpio.o(.text)
    EXTI0_IRQHandler                         0x080007fd   Thumb Code    18  drv_gpio.o(.text)
    EXTI1_IRQHandler                         0x0800080f   Thumb Code    18  drv_gpio.o(.text)
    EXTI2_IRQHandler                         0x08000821   Thumb Code    18  drv_gpio.o(.text)
    EXTI3_IRQHandler                         0x08000833   Thumb Code    18  drv_gpio.o(.text)
    EXTI4_IRQHandler                         0x08000845   Thumb Code    18  drv_gpio.o(.text)
    EXTI9_5_IRQHandler                       0x08000857   Thumb Code    46  drv_gpio.o(.text)
    EXTI15_10_IRQHandler                     0x08000885   Thumb Code    60  drv_gpio.o(.text)
    USART1_IRQHandler                        0x08000a8b   Thumb Code    18  drv_usart.o(.text)
    rt_hw_usart_init                         0x08000acf   Thumb Code    58  drv_usart.o(.text)
    HAL_UART_MspInit                         0x08000b09   Thumb Code   366  drv_usart.o(.text)
    HAL_UART_MspDeInit                       0x08000c77   Thumb Code   280  drv_usart.o(.text)
    SystemInit                               0x08000d9d   Thumb Code    70  system_stm32f1xx.o(.text)
    SystemCoreClockUpdate                    0x08000de3   Thumb Code   142  system_stm32f1xx.o(.text)
    HAL_GPIO_Init                            0x08000e91   Thumb Code   790  stm32f1xx_hal_gpio.o(.text)
    HAL_GPIO_DeInit                          0x080011a7   Thumb Code   312  stm32f1xx_hal_gpio.o(.text)
    HAL_GPIO_ReadPin                         0x080012df   Thumb Code    16  stm32f1xx_hal_gpio.o(.text)
    HAL_GPIO_WritePin                        0x080012ef   Thumb Code    12  stm32f1xx_hal_gpio.o(.text)
    HAL_GPIO_TogglePin                       0x080012fb   Thumb Code     8  stm32f1xx_hal_gpio.o(.text)
    HAL_GPIO_LockPin                         0x08001303   Thumb Code    46  stm32f1xx_hal_gpio.o(.text)
    HAL_GPIO_EXTI_IRQHandler                 0x08001333   Thumb Code    28  stm32f1xx_hal_gpio.o(.text)
    HAL_DMA_Init                             0x08001379   Thumb Code   140  stm32f1xx_hal_dma.o(.text)
    HAL_DMA_DeInit                           0x08001405   Thumb Code   124  stm32f1xx_hal_dma.o(.text)
    HAL_DMA_Start                            0x080014ad   Thumb Code   114  stm32f1xx_hal_dma.o(.text)
    HAL_DMA_Start_IT                         0x0800151f   Thumb Code   156  stm32f1xx_hal_dma.o(.text)
    HAL_DMA_Abort                            0x080015bb   Thumb Code    58  stm32f1xx_hal_dma.o(.text)
    HAL_DMA_Abort_IT                         0x080015f5   Thumb Code   422  stm32f1xx_hal_dma.o(.text)
    HAL_DMA_PollForTransfer                  0x0800179b   Thumb Code  1614  stm32f1xx_hal_dma.o(.text)
    HAL_DMA_IRQHandler                       0x08001de9   Thumb Code   922  stm32f1xx_hal_dma.o(.text)
    HAL_DMA_RegisterCallback                 0x08002183   Thumb Code    90  stm32f1xx_hal_dma.o(.text)
    HAL_DMA_UnRegisterCallback               0x080021dd   Thumb Code   106  stm32f1xx_hal_dma.o(.text)
    HAL_DMA_GetState                         0x08002247   Thumb Code     8  stm32f1xx_hal_dma.o(.text)
    HAL_DMA_GetError                         0x0800224f   Thumb Code     6  stm32f1xx_hal_dma.o(.text)
    HAL_NVIC_SetPriorityGrouping             0x0800227d   Thumb Code    36  stm32f1xx_hal_cortex.o(.text)
    HAL_NVIC_SetPriority                     0x080022a1   Thumb Code   124  stm32f1xx_hal_cortex.o(.text)
    HAL_NVIC_EnableIRQ                       0x0800231d   Thumb Code    26  stm32f1xx_hal_cortex.o(.text)
    HAL_NVIC_DisableIRQ                      0x08002337   Thumb Code    22  stm32f1xx_hal_cortex.o(.text)
    HAL_NVIC_SystemReset                     0x0800234d   Thumb Code    64  stm32f1xx_hal_cortex.o(.text)
    HAL_SYSTICK_Config                       0x0800238d   Thumb Code    52  stm32f1xx_hal_cortex.o(.text)
    HAL_NVIC_GetPriorityGrouping             0x080023c1   Thumb Code     8  stm32f1xx_hal_cortex.o(.text)
    HAL_NVIC_GetPriority                     0x080023c9   Thumb Code   138  stm32f1xx_hal_cortex.o(.text)
    HAL_NVIC_SetPendingIRQ                   0x08002453   Thumb Code    24  stm32f1xx_hal_cortex.o(.text)
    HAL_NVIC_GetPendingIRQ                   0x0800246b   Thumb Code    38  stm32f1xx_hal_cortex.o(.text)
    HAL_NVIC_ClearPendingIRQ                 0x08002491   Thumb Code    22  stm32f1xx_hal_cortex.o(.text)
    HAL_NVIC_GetActive                       0x080024a7   Thumb Code    38  stm32f1xx_hal_cortex.o(.text)
    HAL_SYSTICK_CLKSourceConfig              0x080024cd   Thumb Code    40  stm32f1xx_hal_cortex.o(.text)
    HAL_SYSTICK_Callback                     0x080024f5   Thumb Code     2  stm32f1xx_hal_cortex.o(.text)
    HAL_SYSTICK_IRQHandler                   0x080024f7   Thumb Code     8  stm32f1xx_hal_cortex.o(.text)
    HAL_RCC_DeInit                           0x08002521   Thumb Code    64  stm32f1xx_hal_rcc.o(.text)
    HAL_RCC_OscConfig                        0x08002585   Thumb Code  1090  stm32f1xx_hal_rcc.o(.text)
    HAL_RCC_GetSysClockFreq                  0x080029c7   Thumb Code   118  stm32f1xx_hal_rcc.o(.text)
    HAL_RCC_ClockConfig                      0x08002a3d   Thumb Code   402  stm32f1xx_hal_rcc.o(.text)
    HAL_RCC_MCOConfig                        0x08002bcf   Thumb Code    92  stm32f1xx_hal_rcc.o(.text)
    HAL_RCC_EnableCSS                        0x08002c2b   Thumb Code     8  stm32f1xx_hal_rcc.o(.text)
    HAL_RCC_DisableCSS                       0x08002c33   Thumb Code     8  stm32f1xx_hal_rcc.o(.text)
    HAL_RCC_GetHCLKFreq                      0x08002c3b   Thumb Code     6  stm32f1xx_hal_rcc.o(.text)
    HAL_RCC_GetPCLK1Freq                     0x08002c41   Thumb Code    22  stm32f1xx_hal_rcc.o(.text)
    HAL_RCC_GetPCLK2Freq                     0x08002c57   Thumb Code    22  stm32f1xx_hal_rcc.o(.text)
    HAL_RCC_GetOscConfig                     0x08002c6d   Thumb Code   254  stm32f1xx_hal_rcc.o(.text)
    HAL_RCC_GetClockConfig                   0x08002d6b   Thumb Code    58  stm32f1xx_hal_rcc.o(.text)
    HAL_RCC_CSSCallback                      0x08002da5   Thumb Code     2  stm32f1xx_hal_rcc.o(.text)
    HAL_RCC_NMI_IRQHandler                   0x08002da7   Thumb Code    26  stm32f1xx_hal_rcc.o(.text)
    HAL_UART_Init                            0x08002f8d   Thumb Code   114  stm32f1xx_hal_uart.o(.text)
    HAL_HalfDuplex_Init                      0x08002fff   Thumb Code   118  stm32f1xx_hal_uart.o(.text)
    HAL_LIN_Init                             0x08003075   Thumb Code   134  stm32f1xx_hal_uart.o(.text)
    HAL_MultiProcessor_Init                  0x080030fb   Thumb Code   138  stm32f1xx_hal_uart.o(.text)
    HAL_UART_DeInit                          0x08003187   Thumb Code    46  stm32f1xx_hal_uart.o(.text)
    HAL_UART_Transmit                        0x08003225   Thumb Code   214  stm32f1xx_hal_uart.o(.text)
    HAL_UART_Receive                         0x080032fb   Thumb Code   222  stm32f1xx_hal_uart.o(.text)
    HAL_UART_Transmit_IT                     0x080033d9   Thumb Code    88  stm32f1xx_hal_uart.o(.text)
    HAL_UART_Receive_IT                      0x08003431   Thumb Code   112  stm32f1xx_hal_uart.o(.text)
    HAL_UART_ErrorCallback                   0x080034a1   Thumb Code     2  stm32f1xx_hal_uart.o(.text)
    HAL_UART_TxHalfCpltCallback              0x08003527   Thumb Code     2  stm32f1xx_hal_uart.o(.text)
    HAL_UART_TxCpltCallback                  0x08003537   Thumb Code     2  stm32f1xx_hal_uart.o(.text)
    HAL_UART_Transmit_DMA                    0x0800356f   Thumb Code   142  stm32f1xx_hal_uart.o(.text)
    HAL_UART_RxHalfCpltCallback              0x080035fd   Thumb Code     2  stm32f1xx_hal_uart.o(.text)
    HAL_UART_RxCpltCallback                  0x0800360d   Thumb Code     2  stm32f1xx_hal_uart.o(.text)
    HAL_UART_Receive_DMA                     0x08003655   Thumb Code   182  stm32f1xx_hal_uart.o(.text)
    HAL_UART_DMAPause                        0x0800370b   Thumb Code   124  stm32f1xx_hal_uart.o(.text)
    HAL_UART_DMAResume                       0x08003787   Thumb Code   126  stm32f1xx_hal_uart.o(.text)
    HAL_UART_DMAStop                         0x08003805   Thumb Code   102  stm32f1xx_hal_uart.o(.text)
    HAL_UART_Abort                           0x0800386b   Thumb Code   126  stm32f1xx_hal_uart.o(.text)
    HAL_UART_AbortTransmit                   0x080038e9   Thumb Code    68  stm32f1xx_hal_uart.o(.text)
    HAL_UART_AbortReceive                    0x0800392d   Thumb Code    80  stm32f1xx_hal_uart.o(.text)
    HAL_UART_AbortCpltCallback               0x0800397d   Thumb Code     2  stm32f1xx_hal_uart.o(.text)
    HAL_UART_Abort_IT                        0x080039fd   Thumb Code   208  stm32f1xx_hal_uart.o(.text)
    HAL_UART_AbortTransmitCpltCallback       0x08003acd   Thumb Code     2  stm32f1xx_hal_uart.o(.text)
    HAL_UART_AbortTransmit_IT                0x08003ae7   Thumb Code   102  stm32f1xx_hal_uart.o(.text)
    HAL_UART_AbortReceiveCpltCallback        0x08003b4d   Thumb Code     2  stm32f1xx_hal_uart.o(.text)
    HAL_UART_AbortReceive_IT                 0x08003b67   Thumb Code   114  stm32f1xx_hal_uart.o(.text)
    HAL_UART_IRQHandler                      0x08003d1b   Thumb Code   348  stm32f1xx_hal_uart.o(.text)
    HAL_LIN_SendBreak                        0x08003e77   Thumb Code    62  stm32f1xx_hal_uart.o(.text)
    HAL_MultiProcessor_EnterMuteMode         0x08003eb5   Thumb Code    62  stm32f1xx_hal_uart.o(.text)
    HAL_MultiProcessor_ExitMuteMode          0x08003ef3   Thumb Code    62  stm32f1xx_hal_uart.o(.text)
    HAL_HalfDuplex_EnableTransmitter         0x08003f31   Thumb Code    68  stm32f1xx_hal_uart.o(.text)
    HAL_HalfDuplex_EnableReceiver            0x08003f75   Thumb Code    68  stm32f1xx_hal_uart.o(.text)
    HAL_UART_GetState                        0x08003fb9   Thumb Code    20  stm32f1xx_hal_uart.o(.text)
    HAL_UART_GetError                        0x08003fcd   Thumb Code     6  stm32f1xx_hal_uart.o(.text)
    HAL_InitTick                             0x08003fd7   Thumb Code    36  stm32f1xx_hal.o(.text)
    HAL_Init                                 0x08003ffb   Thumb Code    34  stm32f1xx_hal.o(.text)
    HAL_MspDeInit                            0x0800401d   Thumb Code     2  stm32f1xx_hal.o(.text)
    HAL_DeInit                               0x0800401f   Thumb Code    30  stm32f1xx_hal.o(.text)
    HAL_IncTick                              0x0800403d   Thumb Code    12  stm32f1xx_hal.o(.text)
    HAL_GetTick                              0x08004049   Thumb Code     6  stm32f1xx_hal.o(.text)
    HAL_Delay                                0x0800404f   Thumb Code    30  stm32f1xx_hal.o(.text)
    HAL_SuspendTick                          0x0800406d   Thumb Code    18  stm32f1xx_hal.o(.text)
    HAL_ResumeTick                           0x0800407f   Thumb Code    18  stm32f1xx_hal.o(.text)
    HAL_GetHalVersion                        0x08004091   Thumb Code     4  stm32f1xx_hal.o(.text)
    HAL_GetREVID                             0x08004095   Thumb Code     8  stm32f1xx_hal.o(.text)
    HAL_GetDEVID                             0x0800409d   Thumb Code    10  stm32f1xx_hal.o(.text)
    HAL_DBGMCU_EnableDBGSleepMode            0x080040a7   Thumb Code    14  stm32f1xx_hal.o(.text)
    HAL_DBGMCU_DisableDBGSleepMode           0x080040b5   Thumb Code    14  stm32f1xx_hal.o(.text)
    HAL_DBGMCU_EnableDBGStopMode             0x080040c3   Thumb Code    14  stm32f1xx_hal.o(.text)
    HAL_DBGMCU_DisableDBGStopMode            0x080040d1   Thumb Code    14  stm32f1xx_hal.o(.text)
    HAL_DBGMCU_EnableDBGStandbyMode          0x080040df   Thumb Code    14  stm32f1xx_hal.o(.text)
    HAL_DBGMCU_DisableDBGStandbyMode         0x080040ed   Thumb Code    14  stm32f1xx_hal.o(.text)
    HAL_GetUID                               0x080040fb   Thumb Code    24  stm32f1xx_hal.o(.text)
    Reset_Handler                            0x08004131   Thumb Code     8  startup_stm32f103xe.o(.text)
    SVC_Handler                              0x08004143   Thumb Code     2  startup_stm32f103xe.o(.text)
    ADC1_2_IRQHandler                        0x0800414b   Thumb Code     0  startup_stm32f103xe.o(.text)
    ADC3_IRQHandler                          0x0800414b   Thumb Code     0  startup_stm32f103xe.o(.text)
    CAN1_RX1_IRQHandler                      0x0800414b   Thumb Code     0  startup_stm32f103xe.o(.text)
    CAN1_SCE_IRQHandler                      0x0800414b   Thumb Code     0  startup_stm32f103xe.o(.text)
    DMA1_Channel1_IRQHandler                 0x0800414b   Thumb Code     0  startup_stm32f103xe.o(.text)
    DMA1_Channel2_IRQHandler                 0x0800414b   Thumb Code     0  startup_stm32f103xe.o(.text)
    DMA1_Channel3_IRQHandler                 0x0800414b   Thumb Code     0  startup_stm32f103xe.o(.text)
    DMA1_Channel4_IRQHandler                 0x0800414b   Thumb Code     0  startup_stm32f103xe.o(.text)
    DMA1_Channel5_IRQHandler                 0x0800414b   Thumb Code     0  startup_stm32f103xe.o(.text)
    DMA1_Channel6_IRQHandler                 0x0800414b   Thumb Code     0  startup_stm32f103xe.o(.text)
    DMA1_Channel7_IRQHandler                 0x0800414b   Thumb Code     0  startup_stm32f103xe.o(.text)
    DMA2_Channel1_IRQHandler                 0x0800414b   Thumb Code     0  startup_stm32f103xe.o(.text)
    DMA2_Channel2_IRQHandler                 0x0800414b   Thumb Code     0  startup_stm32f103xe.o(.text)
    DMA2_Channel3_IRQHandler                 0x0800414b   Thumb Code     0  startup_stm32f103xe.o(.text)
    DMA2_Channel4_5_IRQHandler               0x0800414b   Thumb Code     0  startup_stm32f103xe.o(.text)
    FLASH_IRQHandler                         0x0800414b   Thumb Code     0  startup_stm32f103xe.o(.text)
    FSMC_IRQHandler                          0x0800414b   Thumb Code     0  startup_stm32f103xe.o(.text)
    I2C1_ER_IRQHandler                       0x0800414b   Thumb Code     0  startup_stm32f103xe.o(.text)
    I2C1_EV_IRQHandler                       0x0800414b   Thumb Code     0  startup_stm32f103xe.o(.text)
    I2C2_ER_IRQHandler                       0x0800414b   Thumb Code     0  startup_stm32f103xe.o(.text)
    I2C2_EV_IRQHandler                       0x0800414b   Thumb Code     0  startup_stm32f103xe.o(.text)
    PVD_IRQHandler                           0x0800414b   Thumb Code     0  startup_stm32f103xe.o(.text)
    RCC_IRQHandler                           0x0800414b   Thumb Code     0  startup_stm32f103xe.o(.text)
    RTC_Alarm_IRQHandler                     0x0800414b   Thumb Code     0  startup_stm32f103xe.o(.text)
    RTC_IRQHandler                           0x0800414b   Thumb Code     0  startup_stm32f103xe.o(.text)
    SDIO_IRQHandler                          0x0800414b   Thumb Code     0  startup_stm32f103xe.o(.text)
    SPI1_IRQHandler                          0x0800414b   Thumb Code     0  startup_stm32f103xe.o(.text)
    SPI2_IRQHandler                          0x0800414b   Thumb Code     0  startup_stm32f103xe.o(.text)
    SPI3_IRQHandler                          0x0800414b   Thumb Code     0  startup_stm32f103xe.o(.text)
    TAMPER_IRQHandler                        0x0800414b   Thumb Code     0  startup_stm32f103xe.o(.text)
    TIM1_BRK_IRQHandler                      0x0800414b   Thumb Code     0  startup_stm32f103xe.o(.text)
    TIM1_CC_IRQHandler                       0x0800414b   Thumb Code     0  startup_stm32f103xe.o(.text)
    TIM1_TRG_COM_IRQHandler                  0x0800414b   Thumb Code     0  startup_stm32f103xe.o(.text)
    TIM1_UP_IRQHandler                       0x0800414b   Thumb Code     0  startup_stm32f103xe.o(.text)
    TIM2_IRQHandler                          0x0800414b   Thumb Code     0  startup_stm32f103xe.o(.text)
    TIM3_IRQHandler                          0x0800414b   Thumb Code     0  startup_stm32f103xe.o(.text)
    TIM4_IRQHandler                          0x0800414b   Thumb Code     0  startup_stm32f103xe.o(.text)
    TIM5_IRQHandler                          0x0800414b   Thumb Code     0  startup_stm32f103xe.o(.text)
    TIM6_IRQHandler                          0x0800414b   Thumb Code     0  startup_stm32f103xe.o(.text)
    TIM7_IRQHandler                          0x0800414b   Thumb Code     0  startup_stm32f103xe.o(.text)
    TIM8_BRK_IRQHandler                      0x0800414b   Thumb Code     0  startup_stm32f103xe.o(.text)
    TIM8_CC_IRQHandler                       0x0800414b   Thumb Code     0  startup_stm32f103xe.o(.text)
    TIM8_TRG_COM_IRQHandler                  0x0800414b   Thumb Code     0  startup_stm32f103xe.o(.text)
    TIM8_UP_IRQHandler                       0x0800414b   Thumb Code     0  startup_stm32f103xe.o(.text)
    UART4_IRQHandler                         0x0800414b   Thumb Code     0  startup_stm32f103xe.o(.text)
    UART5_IRQHandler                         0x0800414b   Thumb Code     0  startup_stm32f103xe.o(.text)
    USART2_IRQHandler                        0x0800414b   Thumb Code     0  startup_stm32f103xe.o(.text)
    USART3_IRQHandler                        0x0800414b   Thumb Code     0  startup_stm32f103xe.o(.text)
    USBWakeUp_IRQHandler                     0x0800414b   Thumb Code     0  startup_stm32f103xe.o(.text)
    USB_HP_CAN1_TX_IRQHandler                0x0800414b   Thumb Code     0  startup_stm32f103xe.o(.text)
    USB_LP_CAN1_RX0_IRQHandler               0x0800414b   Thumb Code     0  startup_stm32f103xe.o(.text)
    WWDG_IRQHandler                          0x0800414b   Thumb Code     0  startup_stm32f103xe.o(.text)
    rt_system_tick_init                      0x08004155   Thumb Code     2  clock.o(.text)
    rt_tick_get                              0x08004157   Thumb Code     6  clock.o(.text)
    rt_tick_set                              0x0800415d   Thumb Code    22  clock.o(.text)
    rt_tick_increase                         0x08004173   Thumb Code    42  clock.o(.text)
    rt_tick_from_millisecond                 0x0800419d   Thumb Code    30  clock.o(.text)
    rt_components_board_init                 0x080041d1   Thumb Code    20  components.o(.text)
    rt_components_init                       0x080041e5   Thumb Code    20  components.o(.text)
    main_thread_entry                        0x080041f9   Thumb Code    14  components.o(.text)
    rt_application_init                      0x08004207   Thumb Code    48  components.o(.text)
    rtthread_startup                         0x08004237   Thumb Code    46  components.o(.text)
    main                                     0x08004265   Thumb Code    14  components.o(.text)
    rt_device_find                           0x0800429d   Thumb Code    94  device.o(.text)
    rt_device_register                       0x080042fb   Thumb Code    52  device.o(.text)
    rt_device_unregister                     0x0800432f   Thumb Code    64  device.o(.text)
    rt_device_init_all                       0x0800436f   Thumb Code     4  device.o(.text)
    rt_device_create                         0x08004373   Thumb Code    46  device.o(.text)
    rt_device_destroy                        0x080043a1   Thumb Code    68  device.o(.text)
    rt_device_init                           0x080043e5   Thumb Code    64  device.o(.text)
    rt_device_open                           0x08004425   Thumb Code   174  device.o(.text)
    rt_device_close                          0x080044d3   Thumb Code    92  device.o(.text)
    rt_device_read                           0x0800452f   Thumb Code    98  device.o(.text)
    rt_device_write                          0x08004591   Thumb Code    98  device.o(.text)
    rt_device_control                        0x080045f3   Thumb Code    66  device.o(.text)
    rt_device_set_rx_indicate                0x08004635   Thumb Code    48  device.o(.text)
    rt_device_set_tx_complete                0x08004665   Thumb Code   360  device.o(.text)
    rt_thread_idle_sethook                   0x080047cd   Thumb Code    58  idle.o(.text)
    rt_thread_idle_delhook                   0x08004807   Thumb Code    62  idle.o(.text)
    rt_thread_idle_excute                    0x08004845   Thumb Code   178  idle.o(.text)
    rt_thread_idle_init                      0x08004919   Thumb Code    38  idle.o(.text)
    rt_thread_idle_gethandler                0x0800493f   Thumb Code     4  idle.o(.text)
    rt_sem_init                              0x08004a4d   Thumb Code    50  ipc.o(.text)
    rt_sem_detach                            0x08004a7f   Thumb Code    72  ipc.o(.text)
    rt_sem_create                            0x08004ac7   Thumb Code    84  ipc.o(.text)
    rt_sem_delete                            0x08004b1b   Thumb Code   120  ipc.o(.text)
    rt_sem_take                              0x08004b93   Thumb Code   288  ipc.o(.text)
    rt_sem_trytake                           0x08004cb3   Thumb Code    14  ipc.o(.text)
    rt_sem_release                           0x08004cc1   Thumb Code   116  ipc.o(.text)
    rt_sem_control                           0x08004d35   Thumb Code    90  ipc.o(.text)
    rt_mutex_init                            0x08004d8f   Thumb Code    58  ipc.o(.text)
    rt_mutex_detach                          0x08004dc9   Thumb Code    78  ipc.o(.text)
    rt_mutex_create                          0x08004e17   Thumb Code   454  ipc.o(.text)
    rt_mutex_delete                          0x08004fdd   Thumb Code   126  ipc.o(.text)
    rt_mutex_take                            0x0800505b   Thumb Code   374  ipc.o(.text)
    rt_mutex_release                         0x080051d1   Thumb Code   310  ipc.o(.text)
    rt_mutex_control                         0x08005307   Thumb Code    52  ipc.o(.text)
    rt_event_init                            0x0800533b   Thumb Code    46  ipc.o(.text)
    rt_event_detach                          0x08005369   Thumb Code    78  ipc.o(.text)
    rt_event_create                          0x080053b7   Thumb Code   276  ipc.o(.text)
    rt_event_delete                          0x080054cb   Thumb Code   126  ipc.o(.text)
    rt_event_send                            0x08005549   Thumb Code   234  ipc.o(.text)
    rt_event_recv                            0x08005633   Thumb Code   402  ipc.o(.text)
    rt_event_control                         0x080057c5   Thumb Code    92  ipc.o(.text)
    rt_mb_init                               0x08005821   Thumb Code    76  ipc.o(.text)
    rt_mb_detach                             0x0800586d   Thumb Code   216  ipc.o(.text)
    rt_mb_create                             0x08005945   Thumb Code   128  ipc.o(.text)
    rt_mb_delete                             0x080059c5   Thumb Code   140  ipc.o(.text)
    rt_mb_send_wait                          0x08005a51   Thumb Code   400  ipc.o(.text)
    rt_mb_send                               0x08005be1   Thumb Code    18  ipc.o(.text)
    rt_mb_recv                               0x08005bf3   Thumb Code   576  ipc.o(.text)
    rt_mb_control                            0x08005e33   Thumb Code   104  ipc.o(.text)
    rt_mq_init                               0x08005e9b   Thumb Code   118  ipc.o(.text)
    rt_mq_detach                             0x08005f11   Thumb Code    78  ipc.o(.text)
    rt_mq_delete                             0x08005f5f   Thumb Code   126  ipc.o(.text)
    rt_mq_create                             0x08005fdd   Thumb Code   170  ipc.o(.text)
    rt_mq_send                               0x08006087   Thumb Code   222  ipc.o(.text)
    rt_mq_urgent                             0x08006165   Thumb Code   426  ipc.o(.text)
    rt_mq_recv                               0x0800630f   Thumb Code   458  ipc.o(.text)
    rt_mq_control                            0x080064d9   Thumb Code   120  ipc.o(.text)
    rt_interrupt_enter_sethook               0x080065a9   Thumb Code     6  irq.o(.text)
    rt_interrupt_leave_sethook               0x080065af   Thumb Code     6  irq.o(.text)
    rt_interrupt_enter                       0x080065b5   Thumb Code    46  irq.o(.text)
    rt_interrupt_leave                       0x080065e3   Thumb Code    46  irq.o(.text)
    rt_interrupt_get_nest                    0x08006611   Thumb Code     6  irq.o(.text)
    rt_get_errno                             0x08006625   Thumb Code    32  kservice.o(.text)
    rt_set_errno                             0x08006645   Thumb Code    36  kservice.o(.text)
    _rt_errno                                0x08006669   Thumb Code    30  kservice.o(.text)
    rt_memset                                0x08006687   Thumb Code    72  kservice.o(.text)
    rt_memcpy                                0x080066cf   Thumb Code   124  kservice.o(.text)
    rt_memmove                               0x0800674b   Thumb Code    66  kservice.o(.text)
    rt_memcmp                                0x0800678d   Thumb Code    38  kservice.o(.text)
    rt_strlen                                0x080067b3   Thumb Code    18  kservice.o(.text)
    rt_strstr                                0x080067c5   Thumb Code    58  kservice.o(.text)
    rt_strcasecmp                            0x080067ff   Thumb Code    48  kservice.o(.text)
    rt_strncpy                               0x0800682f   Thumb Code    52  kservice.o(.text)
    rt_strncmp                               0x08006863   Thumb Code    40  kservice.o(.text)
    rt_strcmp                                0x0800688b   Thumb Code    28  kservice.o(.text)
    rt_strnlen                               0x080068a7   Thumb Code    24  kservice.o(.text)
    rt_strdup                                0x080068bf   Thumb Code    40  kservice.o(.text)
    strdup                                   0x080068bf   Thumb Code     0  kservice.o(.text)
    rt_hw_console_output                     0x080068e7   Thumb Code     2  kservice.o(.text)
    rt_vsnprintf                             0x08006a9f   Thumb Code   800  kservice.o(.text)
    rt_kprintf                               0x08006dbf   Thumb Code    96  kservice.o(.text)
    rt_show_version                          0x08006e1f   Thumb Code    38  kservice.o(.text)
    rt_snprintf                              0x08006e45   Thumb Code    38  kservice.o(.text)
    rt_vsprintf                              0x08006e6b   Thumb Code    22  kservice.o(.text)
    rt_sprintf                               0x08006e81   Thumb Code    34  kservice.o(.text)
    rt_console_get_device                    0x08006ea3   Thumb Code     6  kservice.o(.text)
    rt_console_set_device                    0x08006ea9   Thumb Code    48  kservice.o(.text)
    rt_kputs                                 0x08006ed9   Thumb Code    78  kservice.o(.text)
    rt_malloc_align                          0x08006f27   Thumb Code    66  kservice.o(.text)
    rt_free_align                            0x08006f69   Thumb Code    16  kservice.o(.text)
    __rt_ffs                                 0x08006f79   Thumb Code    70  kservice.o(.text)
    rt_assert_set_hook                       0x08006fbf   Thumb Code     6  kservice.o(.text)
    rt_assert_handler                        0x08006fc5   Thumb Code    56  kservice.o(.text)
    rt_malloc_sethook                        0x080070d5   Thumb Code     6  mem.o(.text)
    rt_free_sethook                          0x080070db   Thumb Code     6  mem.o(.text)
    rt_system_heap_init                      0x08007181   Thumb Code   204  mem.o(.text)
    rt_malloc                                0x0800724d   Thumb Code   522  mem.o(.text)
    rt_free                                  0x08007457   Thumb Code   688  mem.o(.text)
    rt_realloc                               0x08007707   Thumb Code   324  mem.o(.text)
    rt_calloc                                0x0800784b   Thumb Code    84  mem.o(.text)
    rt_memory_info                           0x0800789f   Thumb Code    26  mem.o(.text)
    list_mem                                 0x080078b9   Thumb Code    34  mem.o(.text)
    rt_mp_alloc_sethook                      0x080079c9   Thumb Code     6  mempool.o(.text)
    rt_mp_free_sethook                       0x080079cf   Thumb Code     6  mempool.o(.text)
    rt_mp_init                               0x080079d5   Thumb Code   128  mempool.o(.text)
    rt_mp_detach                             0x08007a55   Thumb Code   114  mempool.o(.text)
    rt_mp_create                             0x08007ac7   Thumb Code   174  mempool.o(.text)
    rt_mp_delete                             0x08007b75   Thumb Code   172  mempool.o(.text)
    rt_mp_alloc                              0x08007c21   Thumb Code   278  mempool.o(.text)
    rt_mp_free                               0x08007d37   Thumb Code    98  mempool.o(.text)
    rt_object_attach_sethook                 0x08007ed9   Thumb Code     6  object.o(.text)
    rt_object_detach_sethook                 0x08007edf   Thumb Code     6  object.o(.text)
    rt_object_trytake_sethook                0x08007ee5   Thumb Code     6  object.o(.text)
    rt_object_take_sethook                   0x08007eeb   Thumb Code     6  object.o(.text)
    rt_object_put_sethook                    0x08007ef1   Thumb Code     6  object.o(.text)
    rt_system_object_init                    0x08007ef7   Thumb Code     2  object.o(.text)
    rt_object_get_information                0x08007ef9   Thumb Code    36  object.o(.text)
    rt_object_init                           0x08007f1d   Thumb Code    92  object.o(.text)
    rt_object_detach                         0x08007f79   Thumb Code    62  object.o(.text)
    rt_object_allocate                       0x08007fb7   Thumb Code   158  object.o(.text)
    rt_object_delete                         0x08008055   Thumb Code    88  object.o(.text)
    rt_object_is_systemobject                0x080080ad   Thumb Code    34  object.o(.text)
    rt_object_get_type                       0x080080cf   Thumb Code    26  object.o(.text)
    rt_object_find                           0x080080e9   Thumb Code   142  object.o(.text)
    rt_scheduler_sethook                     0x08008231   Thumb Code     6  scheduler.o(.text)
    rt_system_scheduler_init                 0x08008291   Thumb Code    56  scheduler.o(.text)
    rt_system_scheduler_start                0x080082c9   Thumb Code    36  scheduler.o(.text)
    rt_schedule                              0x080082ed   Thumb Code   160  scheduler.o(.text)
    rt_schedule_insert_thread                0x0800838d   Thumb Code    90  scheduler.o(.text)
    rt_schedule_remove_thread                0x080083e7   Thumb Code    94  scheduler.o(.text)
    rt_enter_critical                        0x08008445   Thumb Code    28  scheduler.o(.text)
    rt_exit_critical                         0x08008461   Thumb Code    54  scheduler.o(.text)
    rt_critical_level                        0x08008497   Thumb Code     8  scheduler.o(.text)
    rt_thread_handle_sig                     0x0800853b   Thumb Code   156  signal.o(.text)
    rt_thread_alloc_sig                      0x080086a9   Thumb Code    62  signal.o(.text)
    rt_signal_install                        0x080086e7   Thumb Code    98  signal.o(.text)
    rt_signal_mask                           0x08008749   Thumb Code    34  signal.o(.text)
    rt_signal_unmask                         0x0800876b   Thumb Code    56  signal.o(.text)
    rt_signal_wait                           0x080087a3   Thumb Code   346  signal.o(.text)
    rt_thread_free_sig                       0x080088fd   Thumb Code    66  signal.o(.text)
    rt_thread_kill                           0x0800893f   Thumb Code   236  signal.o(.text)
    rt_system_signal_init                    0x08008a2b   Thumb Code    38  signal.o(.text)
    rt_timer_timeout_sethook                 0x08008b0b   Thumb Code     6  timer.o(.text)
    rt_timer_init                            0x08008b9d   Thumb Code    58  timer.o(.text)
    rt_timer_detach                          0x08008bd7   Thumb Code    82  timer.o(.text)
    rt_timer_create                          0x08008c29   Thumb Code    54  timer.o(.text)
    rt_timer_delete                          0x08008c5f   Thumb Code    88  timer.o(.text)
    rt_timer_start                           0x08008cb7   Thumb Code   314  timer.o(.text)
    rt_timer_stop                            0x08008df1   Thumb Code   102  timer.o(.text)
    rt_timer_control                         0x08008e57   Thumb Code    98  timer.o(.text)
    rt_timer_check                           0x08008eb9   Thumb Code   416  timer.o(.text)
    rt_timer_next_timeout_tick               0x08009059   Thumb Code    10  timer.o(.text)
    rt_system_timer_init                     0x08009063   Thumb Code    24  timer.o(.text)
    rt_system_timer_thread_init              0x0800907b   Thumb Code     2  timer.o(.text)
    rt_thread_suspend_sethook                0x080090b9   Thumb Code     6  thread.o(.text)
    rt_thread_resume_sethook                 0x080090bf   Thumb Code     6  thread.o(.text)
    rt_thread_inited_sethook                 0x080090c5   Thumb Code     6  thread.o(.text)
    rt_thread_exit                           0x080090cb   Thumb Code    78  thread.o(.text)
    rt_thread_timeout                        0x08009119   Thumb Code    90  thread.o(.text)
    rt_thread_init                           0x0800921f   Thumb Code    74  thread.o(.text)
    rt_thread_self                           0x08009269   Thumb Code     6  thread.o(.text)
    rt_thread_resume                         0x0800926f   Thumb Code   120  thread.o(.text)
    rt_thread_startup                        0x080092e7   Thumb Code   108  thread.o(.text)
    rt_thread_detach                         0x08009353   Thumb Code   126  thread.o(.text)
    rt_thread_create                         0x080093d1   Thumb Code    80  thread.o(.text)
    rt_thread_delete                         0x08009421   Thumb Code   114  thread.o(.text)
    rt_thread_yield                          0x08009493   Thumb Code   454  thread.o(.text)
    rt_thread_suspend                        0x08009659   Thumb Code   130  thread.o(.text)
    rt_thread_sleep                          0x080096db   Thumb Code    98  thread.o(.text)
    rt_thread_delay                          0x0800973d   Thumb Code    12  thread.o(.text)
    rt_thread_mdelay                         0x08009749   Thumb Code    20  thread.o(.text)
    rt_thread_control                        0x0800975d   Thumb Code   154  thread.o(.text)
    rt_thread_find                           0x080097f7   Thumb Code    96  thread.o(.text)
    rt_hw_stack_init                         0x08009891   Thumb Code    70  cpuport.o(.text)
    rt_hw_exception_install                  0x080098d7   Thumb Code     6  cpuport.o(.text)
    rt_hw_hard_fault_exception               0x08009abb   Thumb Code   198  cpuport.o(.text)
    rt_hw_cpu_shutdown                       0x08009b81   Thumb Code    22  cpuport.o(.text)
    rt_hw_interrupt_disable                  0x08009e65   Thumb Code     8  context_rvds.o(.text)
    rt_hw_interrupt_enable                   0x08009e6d   Thumb Code     6  context_rvds.o(.text)
    rt_hw_context_switch                     0x08009e73   Thumb Code    32  context_rvds.o(.text)
    rt_hw_context_switch_interrupt           0x08009e73   Thumb Code     0  context_rvds.o(.text)
    PendSV_Handler                           0x08009e93   Thumb Code    60  context_rvds.o(.text)
    rt_hw_context_switch_to                  0x08009ecf   Thumb Code    58  context_rvds.o(.text)
    rt_hw_interrupt_thread_switch            0x08009f09   Thumb Code     2  context_rvds.o(.text)
    HardFault_Handler                        0x08009f0b   Thumb Code    48  context_rvds.o(.text)
    rt_device_pin_register                   0x0800a005   Thumb Code    56  pin.o(.text)
    rt_pin_attach_irq                        0x0800a03d   Thumb Code    60  pin.o(.text)
    rt_pin_dettach_irq                       0x0800a079   Thumb Code    46  pin.o(.text)
    rt_pin_irq_enable                        0x0800a0a7   Thumb Code    50  pin.o(.text)
    rt_pin_mode                              0x0800a0d9   Thumb Code    38  pin.o(.text)
    rt_pin_write                             0x0800a0ff   Thumb Code    38  pin.o(.text)
    rt_pin_read                              0x0800a125   Thumb Code    34  pin.o(.text)
    rt_hw_serial_register                    0x0800a49d   Thumb Code    80  serial.o(.text)
    rt_hw_serial_isr                         0x0800a4ed   Thumb Code   316  serial.o(.text)
    finsh_get_prompt                         0x0800a6d5   Thumb Code    38  shell.o(.text)
    finsh_set_device                         0x0800a759   Thumb Code   156  shell.o(.text)
    finsh_get_device                         0x0800a7f5   Thumb Code    28  shell.o(.text)
    finsh_set_echo                           0x0800a811   Thumb Code    30  shell.o(.text)
    finsh_get_echo                           0x0800a82f   Thumb Code    32  shell.o(.text)
    finsh_thread_entry                       0x0800a971   Thumb Code  1358  shell.o(.text)
    finsh_system_function_init               0x0800aebf   Thumb Code    10  shell.o(.text)
    finsh_system_var_init                    0x0800aec9   Thumb Code    10  shell.o(.text)
    finsh_system_init                        0x0800aed3   Thumb Code    96  shell.o(.text)
    hello                                    0x0800afa5   Thumb Code    12  cmd.o(.text)
    version                                  0x0800afb1   Thumb Code    10  cmd.o(.text)
    list_thread                              0x0800b0c3   Thumb Code    18  cmd.o(.text)
    list_sem                                 0x0800b18b   Thumb Code    18  cmd.o(.text)
    list_event                               0x0800b21f   Thumb Code    18  cmd.o(.text)
    list_mutex                               0x0800b291   Thumb Code    18  cmd.o(.text)
    list_mailbox                             0x0800b339   Thumb Code    18  cmd.o(.text)
    list_msgqueue                            0x0800b6a3   Thumb Code    18  cmd.o(.text)
    list_memheap                             0x0800b709   Thumb Code    18  cmd.o(.text)
    list_mempool                             0x0800b7a5   Thumb Code    18  cmd.o(.text)
    list_timer                               0x0800b82b   Thumb Code    18  cmd.o(.text)
    list_device                              0x0800b8ab   Thumb Code    18  cmd.o(.text)
    list                                     0x0800b8bd   Thumb Code    54  cmd.o(.text)
    msh_is_used                              0x0800bb8d   Thumb Code     4  msh.o(.text)
    msh_help                                 0x0800bb91   Thumb Code    66  msh.o(.text)
    msh_exec                                 0x0800bd71   Thumb Code    82  msh.o(.text)
    msh_auto_complete                        0x0800bde3   Thumb Code   138  msh.o(.text)
    cmd_ps                                   0x0800bef5   Thumb Code    14  msh_cmd.o(.text)
    cmd_time                                 0x0800bf03   Thumb Code     6  msh_cmd.o(.text)
    cmd_free                                 0x0800bf09   Thumb Code    14  msh_cmd.o(.text)
    thread1_entry                            0x0800bf19   Thumb Code    76  dynmem_sample.o(.text)
    dynmem_sample                            0x0800bf65   Thumb Code    40  dynmem_sample.o(.text)
    event_sample                             0x0800c07d   Thumb Code   104  event_sample.o(.text)
    idle_hook_sample                         0x0800c269   Thumb Code    52  idlehook_sample.o(.text)
    thread_entry                             0x0800c325   Thumb Code    52  interrupt_sample.o(.text)
    interrupt_sample                         0x0800c359   Thumb Code    74  interrupt_sample.o(.text)
    mailbox_sample                           0x0800c453   Thumb Code   112  mailbox_sample.o(.text)
    mempool_sample                           0x0800c5e1   Thumb Code   122  memp_sample.o(.text)
    msgq_sample                              0x0800c78f   Thumb Code   118  msgq_sample.o(.text)
    mutex_sample                             0x0800c9bf   Thumb Code   108  mutex_sample.o(.text)
    pri_inversion                            0x0800cbbb   Thumb Code   156  priority_inversion.o(.text)
    producer_thread_entry                    0x0800cd31   Thumb Code   120  producer_consumer.o(.text)
    consumer_thread_entry                    0x0800cda9   Thumb Code   156  producer_consumer.o(.text)
    producer_consumer                        0x0800ce45   Thumb Code   162  producer_consumer.o(.text)
    scheduler_hook                           0x0800d033   Thumb Code    92  scheduler_hook.o(.text)
    semaphore_sample                         0x0800d15f   Thumb Code   118  semaphore_sample.o(.text)
    thread1_signal_handler                   0x0800d2dd   Thumb Code    14  signal_sample.o(.text)
    signal_sample                            0x0800d319   Thumb Code    64  signal_sample.o(.text)
    thread_sample                            0x0800d3d1   Thumb Code    84  thread_sample.o(.text)
    timer_sample                             0x0800d4bb   Thumb Code    74  timer_sample.o(.text)
    timeslice_sample                         0x0800d5b1   Thumb Code    70  timeslice_sample.o(.text)
    __aeabi_memcpy                           0x0800d639   Thumb Code    36  memcpya.o(.text)
    __aeabi_memcpy4                          0x0800d639   Thumb Code     0  memcpya.o(.text)
    __aeabi_memcpy8                          0x0800d639   Thumb Code     0  memcpya.o(.text)
    __aeabi_memset                           0x0800d65d   Thumb Code    14  memseta.o(.text)
    __aeabi_memset4                          0x0800d65d   Thumb Code     0  memseta.o(.text)
    __aeabi_memset8                          0x0800d65d   Thumb Code     0  memseta.o(.text)
    __aeabi_memclr                           0x0800d66b   Thumb Code     4  memseta.o(.text)
    __aeabi_memclr4                          0x0800d66b   Thumb Code     0  memseta.o(.text)
    __aeabi_memclr8                          0x0800d66b   Thumb Code     0  memseta.o(.text)
    _memset$wrapper                          0x0800d66f   Thumb Code    18  memseta.o(.text)
    strcat                                   0x0800d681   Thumb Code    24  strcat.o(.text)
    strlen                                   0x0800d699   Thumb Code    14  strlen.o(.text)
    memcmp                                   0x0800d6a7   Thumb Code    26  memcmp.o(.text)
    strcpy                                   0x0800d6c1   Thumb Code    18  strcpy.o(.text)
    strncmp                                  0x0800d6d3   Thumb Code    30  strncmp.o(.text)
    __scatterload                            0x0800d6f1   Thumb Code    28  init.o(.text)
    __scatterload_rt2                        0x0800d6f1   Thumb Code     0  init.o(.text)
    __decompress                             0x0800d715   Thumb Code     0  __dczerorl2.o(.text)
    __decompress1                            0x0800d715   Thumb Code    86  __dczerorl2.o(.text)
    __scatterload_copy                       0x0800d76b   Thumb Code    14  handlers.o(i.__scatterload_copy)
    __scatterload_null                       0x0800d779   Thumb Code     2  handlers.o(i.__scatterload_null)
    __scatterload_zeroinit                   0x0800d77b   Thumb Code    14  handlers.o(i.__scatterload_zeroinit)
    AHBPrescTable                            0x0800e173   Data          16  system_stm32f1xx.o(.constdata)
    APBPrescTable                            0x0800e183   Data           8  system_stm32f1xx.o(.constdata)
    __lowest_bit_bitmap                      0x0800e475   Data         256  kservice.o(.constdata)
    __fsym___cmd_led_name                    0x0800ee79   Data          10  main.o(.rodata.name)
    __fsym___cmd_led_desc                    0x0800ee83   Data          27  main.o(.rodata.name)
    __fsym_list_mem_name                     0x0800ee9e   Data           9  mem.o(.rodata.name)
    __fsym_list_mem_desc                     0x0800eea7   Data          30  mem.o(.rodata.name)
    __fsym_pinMode_name                      0x0800eec5   Data           8  pin.o(.rodata.name)
    __fsym_pinMode_desc                      0x0800eecd   Data          22  pin.o(.rodata.name)
    __fsym_pinWrite_name                     0x0800eee3   Data           9  pin.o(.rodata.name)
    __fsym_pinWrite_desc                     0x0800eeec   Data          28  pin.o(.rodata.name)
    __fsym_pinRead_name                      0x0800ef08   Data           8  pin.o(.rodata.name)
    __fsym_pinRead_desc                      0x0800ef10   Data          30  pin.o(.rodata.name)
    __fsym_hello_name                        0x0800ef2e   Data           6  cmd.o(.rodata.name)
    __fsym_hello_desc                        0x0800ef34   Data          16  cmd.o(.rodata.name)
    __fsym_version_name                      0x0800ef44   Data           8  cmd.o(.rodata.name)
    __fsym_version_desc                      0x0800ef4c   Data          35  cmd.o(.rodata.name)
    __fsym___cmd_version_name                0x0800ef6f   Data          14  cmd.o(.rodata.name)
    __fsym___cmd_version_desc                0x0800ef7d   Data          35  cmd.o(.rodata.name)
    __fsym_list_thread_name                  0x0800efa0   Data          12  cmd.o(.rodata.name)
    __fsym_list_thread_desc                  0x0800efac   Data          12  cmd.o(.rodata.name)
    __fsym___cmd_list_thread_name            0x0800efb8   Data          18  cmd.o(.rodata.name)
    __fsym___cmd_list_thread_desc            0x0800efca   Data          12  cmd.o(.rodata.name)
    __fsym_list_sem_name                     0x0800efd6   Data           9  cmd.o(.rodata.name)
    __fsym_list_sem_desc                     0x0800efdf   Data          25  cmd.o(.rodata.name)
    __fsym___cmd_list_sem_name               0x0800eff8   Data          15  cmd.o(.rodata.name)
    __fsym___cmd_list_sem_desc               0x0800f007   Data          25  cmd.o(.rodata.name)
    __fsym_list_event_name                   0x0800f020   Data          11  cmd.o(.rodata.name)
    __fsym_list_event_desc                   0x0800f02b   Data          21  cmd.o(.rodata.name)
    __fsym___cmd_list_event_name             0x0800f040   Data          17  cmd.o(.rodata.name)
    __fsym___cmd_list_event_desc             0x0800f051   Data          21  cmd.o(.rodata.name)
    __fsym_list_mutex_name                   0x0800f066   Data          11  cmd.o(.rodata.name)
    __fsym_list_mutex_desc                   0x0800f071   Data          21  cmd.o(.rodata.name)
    __fsym___cmd_list_mutex_name             0x0800f086   Data          17  cmd.o(.rodata.name)
    __fsym___cmd_list_mutex_desc             0x0800f097   Data          21  cmd.o(.rodata.name)
    __fsym_list_mailbox_name                 0x0800f0ac   Data          13  cmd.o(.rodata.name)
    __fsym_list_mailbox_desc                 0x0800f0b9   Data          24  cmd.o(.rodata.name)
    __fsym___cmd_list_mailbox_name           0x0800f0d1   Data          19  cmd.o(.rodata.name)
    __fsym___cmd_list_mailbox_desc           0x0800f0e4   Data          24  cmd.o(.rodata.name)
    __fsym_list_msgqueue_name                0x0800f0fc   Data          14  cmd.o(.rodata.name)
    __fsym_list_msgqueue_desc                0x0800f10a   Data          29  cmd.o(.rodata.name)
    __fsym___cmd_list_msgqueue_name          0x0800f127   Data          20  cmd.o(.rodata.name)
    __fsym___cmd_list_msgqueue_desc          0x0800f13b   Data          29  cmd.o(.rodata.name)
    __fsym_list_memheap_name                 0x0800f158   Data          13  cmd.o(.rodata.name)
    __fsym_list_memheap_desc                 0x0800f165   Data          27  cmd.o(.rodata.name)
    __fsym___cmd_list_memheap_name           0x0800f180   Data          19  cmd.o(.rodata.name)
    __fsym___cmd_list_memheap_desc           0x0800f193   Data          27  cmd.o(.rodata.name)
    __fsym_list_mempool_name                 0x0800f1ae   Data          13  cmd.o(.rodata.name)
    __fsym_list_mempool_desc                 0x0800f1bb   Data          27  cmd.o(.rodata.name)
    __fsym___cmd_list_mempool_name           0x0800f1d6   Data          19  cmd.o(.rodata.name)
    __fsym___cmd_list_mempool_desc           0x0800f1e9   Data          27  cmd.o(.rodata.name)
    __fsym_list_timer_name                   0x0800f204   Data          11  cmd.o(.rodata.name)
    __fsym_list_timer_desc                   0x0800f20f   Data          21  cmd.o(.rodata.name)
    __fsym___cmd_list_timer_name             0x0800f224   Data          17  cmd.o(.rodata.name)
    __fsym___cmd_list_timer_desc             0x0800f235   Data          21  cmd.o(.rodata.name)
    __fsym_list_device_name                  0x0800f24a   Data          12  cmd.o(.rodata.name)
    __fsym_list_device_desc                  0x0800f256   Data          22  cmd.o(.rodata.name)
    __fsym___cmd_list_device_name            0x0800f26c   Data          18  cmd.o(.rodata.name)
    __fsym___cmd_list_device_desc            0x0800f27e   Data          22  cmd.o(.rodata.name)
    __fsym_list_name                         0x0800f294   Data           5  cmd.o(.rodata.name)
    __fsym_list_desc                         0x0800f299   Data          26  cmd.o(.rodata.name)
    __fsym___cmd_help_name                   0x0800f2b3   Data          11  msh.o(.rodata.name)
    __fsym___cmd_help_desc                   0x0800f2be   Data          22  msh.o(.rodata.name)
    __fsym___cmd_ps_name                     0x0800f2d4   Data           9  msh_cmd.o(.rodata.name)
    __fsym___cmd_ps_desc                     0x0800f2dd   Data          28  msh_cmd.o(.rodata.name)
    __fsym___cmd_time_name                   0x0800f2f9   Data          11  msh_cmd.o(.rodata.name)
    __fsym___cmd_time_desc                   0x0800f304   Data          27  msh_cmd.o(.rodata.name)
    __fsym___cmd_free_name                   0x0800f31f   Data          11  msh_cmd.o(.rodata.name)
    __fsym___cmd_free_desc                   0x0800f32a   Data          37  msh_cmd.o(.rodata.name)
    __fsym___cmd_dynmem_sample_name          0x0800f34f   Data          20  dynmem_sample.o(.rodata.name)
    __fsym___cmd_dynmem_sample_desc          0x0800f363   Data          14  dynmem_sample.o(.rodata.name)
    __fsym___cmd_event_sample_name           0x0800f371   Data          19  event_sample.o(.rodata.name)
    __fsym___cmd_event_sample_desc           0x0800f384   Data          13  event_sample.o(.rodata.name)
    __fsym___cmd_idle_hook_sample_name       0x0800f391   Data          23  idlehook_sample.o(.rodata.name)
    __fsym___cmd_idle_hook_sample_desc       0x0800f3a8   Data          17  idlehook_sample.o(.rodata.name)
    __fsym___cmd_interrupt_sample_name       0x0800f3b9   Data          23  interrupt_sample.o(.rodata.name)
    __fsym___cmd_interrupt_sample_desc       0x0800f3d0   Data          17  interrupt_sample.o(.rodata.name)
    __fsym___cmd_mailbox_sample_name         0x0800f3e1   Data          21  mailbox_sample.o(.rodata.name)
    __fsym___cmd_mailbox_sample_desc         0x0800f3f6   Data          15  mailbox_sample.o(.rodata.name)
    __fsym___cmd_mempool_sample_name         0x0800f405   Data          21  memp_sample.o(.rodata.name)
    __fsym___cmd_mempool_sample_desc         0x0800f41a   Data          15  memp_sample.o(.rodata.name)
    __fsym___cmd_msgq_sample_name            0x0800f429   Data          18  msgq_sample.o(.rodata.name)
    __fsym___cmd_msgq_sample_desc            0x0800f43b   Data          12  msgq_sample.o(.rodata.name)
    __fsym___cmd_mutex_sample_name           0x0800f447   Data          19  mutex_sample.o(.rodata.name)
    __fsym___cmd_mutex_sample_desc           0x0800f45a   Data          13  mutex_sample.o(.rodata.name)
    __fsym___cmd_pri_inversion_name          0x0800f467   Data          20  priority_inversion.o(.rodata.name)
    __fsym___cmd_pri_inversion_desc          0x0800f47b   Data          21  priority_inversion.o(.rodata.name)
    __fsym___cmd_producer_consumer_name      0x0800f490   Data          24  producer_consumer.o(.rodata.name)
    __fsym___cmd_producer_consumer_desc      0x0800f4a8   Data          25  producer_consumer.o(.rodata.name)
    __fsym___cmd_scheduler_hook_name         0x0800f4c1   Data          21  scheduler_hook.o(.rodata.name)
    __fsym___cmd_scheduler_hook_desc         0x0800f4d6   Data          22  scheduler_hook.o(.rodata.name)
    __fsym___cmd_semaphore_sample_name       0x0800f4ec   Data          23  semaphore_sample.o(.rodata.name)
    __fsym___cmd_semaphore_sample_desc       0x0800f503   Data          17  semaphore_sample.o(.rodata.name)
    __fsym___cmd_signal_sample_name          0x0800f514   Data          20  signal_sample.o(.rodata.name)
    __fsym___cmd_signal_sample_desc          0x0800f528   Data          14  signal_sample.o(.rodata.name)
    __fsym___cmd_thread_sample_name          0x0800f536   Data          20  thread_sample.o(.rodata.name)
    __fsym___cmd_thread_sample_desc          0x0800f54a   Data          14  thread_sample.o(.rodata.name)
    __fsym___cmd_timer_sample_name           0x0800f558   Data          19  timer_sample.o(.rodata.name)
    __fsym___cmd_timer_sample_desc           0x0800f56b   Data          13  timer_sample.o(.rodata.name)
    __fsym___cmd_timeslice_sample_name       0x0800f578   Data          23  timeslice_sample.o(.rodata.name)
    __fsym___cmd_timeslice_sample_desc       0x0800f58f   Data          17  timeslice_sample.o(.rodata.name)
    __rt_init_rti_start                      0x0800f5a0   Data           4  components.o(.rti_fn.0)
    __rt_init_rti_board_start                0x0800f5a4   Data           4  components.o(.rti_fn.0.end)
    __rt_init_rt_hw_pin_init                 0x0800f5a8   Data           4  drv_gpio.o(.rti_fn.1)
    __rt_init_rt_hw_usart_init               0x0800f5ac   Data           4  drv_usart.o(.rti_fn.1)
    __rt_init_rti_board_end                  0x0800f5b0   Data           4  components.o(.rti_fn.1.end)
    __rt_init_finsh_system_init              0x0800f5b4   Data           4  shell.o(.rti_fn.6)
    __rt_init_rti_end                        0x0800f5b8   Data           4  components.o(.rti_fn.6.end)
    FSymTab$$Base                            0x0800f5bc   Number         0  main.o(FSymTab)
    __fsym___cmd_led                         0x0800f5bc   Data          12  main.o(FSymTab)
    __fsym_list_mem                          0x0800f5c8   Data          12  mem.o(FSymTab)
    __fsym_pinMode                           0x0800f5d4   Data          12  pin.o(FSymTab)
    __fsym_pinWrite                          0x0800f5e0   Data          12  pin.o(FSymTab)
    __fsym_pinRead                           0x0800f5ec   Data          12  pin.o(FSymTab)
    __fsym_hello                             0x0800f5f8   Data          12  cmd.o(FSymTab)
    __fsym_version                           0x0800f604   Data          12  cmd.o(FSymTab)
    __fsym___cmd_version                     0x0800f610   Data          12  cmd.o(FSymTab)
    __fsym_list_thread                       0x0800f61c   Data          12  cmd.o(FSymTab)
    __fsym___cmd_list_thread                 0x0800f628   Data          12  cmd.o(FSymTab)
    __fsym_list_sem                          0x0800f634   Data          12  cmd.o(FSymTab)
    __fsym___cmd_list_sem                    0x0800f640   Data          12  cmd.o(FSymTab)
    __fsym_list_event                        0x0800f64c   Data          12  cmd.o(FSymTab)
    __fsym___cmd_list_event                  0x0800f658   Data          12  cmd.o(FSymTab)
    __fsym_list_mutex                        0x0800f664   Data          12  cmd.o(FSymTab)
    __fsym___cmd_list_mutex                  0x0800f670   Data          12  cmd.o(FSymTab)
    __fsym_list_mailbox                      0x0800f67c   Data          12  cmd.o(FSymTab)
    __fsym___cmd_list_mailbox                0x0800f688   Data          12  cmd.o(FSymTab)
    __fsym_list_msgqueue                     0x0800f694   Data          12  cmd.o(FSymTab)
    __fsym___cmd_list_msgqueue               0x0800f6a0   Data          12  cmd.o(FSymTab)
    __fsym_list_memheap                      0x0800f6ac   Data          12  cmd.o(FSymTab)
    __fsym___cmd_list_memheap                0x0800f6b8   Data          12  cmd.o(FSymTab)
    __fsym_list_mempool                      0x0800f6c4   Data          12  cmd.o(FSymTab)
    __fsym___cmd_list_mempool                0x0800f6d0   Data          12  cmd.o(FSymTab)
    __fsym_list_timer                        0x0800f6dc   Data          12  cmd.o(FSymTab)
    __fsym___cmd_list_timer                  0x0800f6e8   Data          12  cmd.o(FSymTab)
    __fsym_list_device                       0x0800f6f4   Data          12  cmd.o(FSymTab)
    __fsym___cmd_list_device                 0x0800f700   Data          12  cmd.o(FSymTab)
    __fsym_list                              0x0800f70c   Data          12  cmd.o(FSymTab)
    __fsym___cmd_help                        0x0800f718   Data          12  msh.o(FSymTab)
    __fsym___cmd_ps                          0x0800f724   Data          12  msh_cmd.o(FSymTab)
    __fsym___cmd_time                        0x0800f730   Data          12  msh_cmd.o(FSymTab)
    __fsym___cmd_free                        0x0800f73c   Data          12  msh_cmd.o(FSymTab)
    __fsym___cmd_dynmem_sample               0x0800f748   Data          12  dynmem_sample.o(FSymTab)
    __fsym___cmd_event_sample                0x0800f754   Data          12  event_sample.o(FSymTab)
    __fsym___cmd_idle_hook_sample            0x0800f760   Data          12  idlehook_sample.o(FSymTab)
    __fsym___cmd_interrupt_sample            0x0800f76c   Data          12  interrupt_sample.o(FSymTab)
    __fsym___cmd_mailbox_sample              0x0800f778   Data          12  mailbox_sample.o(FSymTab)
    __fsym___cmd_mempool_sample              0x0800f784   Data          12  memp_sample.o(FSymTab)
    __fsym___cmd_msgq_sample                 0x0800f790   Data          12  msgq_sample.o(FSymTab)
    __fsym___cmd_mutex_sample                0x0800f79c   Data          12  mutex_sample.o(FSymTab)
    __fsym___cmd_pri_inversion               0x0800f7a8   Data          12  priority_inversion.o(FSymTab)
    __fsym___cmd_producer_consumer           0x0800f7b4   Data          12  producer_consumer.o(FSymTab)
    __fsym___cmd_scheduler_hook              0x0800f7c0   Data          12  scheduler_hook.o(FSymTab)
    __fsym___cmd_semaphore_sample            0x0800f7cc   Data          12  semaphore_sample.o(FSymTab)
    __fsym___cmd_signal_sample               0x0800f7d8   Data          12  signal_sample.o(FSymTab)
    __fsym___cmd_thread_sample               0x0800f7e4   Data          12  thread_sample.o(FSymTab)
    __fsym___cmd_timer_sample                0x0800f7f0   Data          12  timer_sample.o(FSymTab)
    __fsym___cmd_timeslice_sample            0x0800f7fc   Data          12  timeslice_sample.o(FSymTab)
    FSymTab$$Limit                           0x0800f808   Number         0  timeslice_sample.o(FSymTab)
    Region$$Table$$Base                      0x0800f808   Number         0  anon$$obj.o(Region$$Table)
    Region$$Table$$Limit                     0x0800f828   Number         0  anon$$obj.o(Region$$Table)
    pin_irq_hdr_tab                          0x20000000   Data         192  drv_gpio.o(.data)
    uart1                                    0x200000c0   Data          68  drv_usart.o(.data)
    SystemCoreClock                          0x20000104   Data           4  system_stm32f1xx.o(.data)
    uwTick                                   0x20000108   Data           4  stm32f1xx_hal.o(.data)
    rt_interrupt_nest                        0x20000118   Data           1  irq.o(.data)
    rt_assert_hook                           0x20000124   Data           4  kservice.o(.data)
    rt_object_trytake_hook                   0x200001f8   Data           4  object.o(.data)
    rt_object_take_hook                      0x200001fc   Data           4  object.o(.data)
    rt_object_put_hook                       0x20000200   Data           4  object.o(.data)
    rt_current_thread                        0x20000208   Data           4  scheduler.o(.data)
    rt_current_priority                      0x2000020c   Data           1  scheduler.o(.data)
    rt_thread_ready_priority_group           0x20000210   Data           4  scheduler.o(.data)
    rt_thread_defunct                        0x20000214   Data           8  scheduler.o(.data)
    rt_interrupt_from_thread                 0x20000240   Data           4  cpuport.o(.data)
    rt_interrupt_to_thread                   0x20000244   Data           4  cpuport.o(.data)
    rt_thread_switch_interrupt_flag          0x20000248   Data           4  cpuport.o(.data)
    shell                                    0x20000250   Data           4  shell.o(.data)
    _syscall_table_begin                     0x20000254   Data           4  symbol.o(.data)
    _syscall_table_end                       0x20000258   Data           4  symbol.o(.data)
    _sysvar_table_begin                      0x2000025c   Data           4  symbol.o(.data)
    _sysvar_table_end                        0x20000260   Data           4  symbol.o(.data)
    count                                    0x200002c8   Data           8  scheduler_hook.o(.data)
    serial1                                  0x200002fc   Data          84  drv_usart.o(.bss)
    rt_thread_priority_table                 0x20000594   Data         256  scheduler.o(.bss)
    array                                    0x20004600   Data          20  producer_consumer.o(.bss)
    sem_lock                                 0x20004614   Data          32  producer_consumer.o(.bss)
    sem_empty                                0x20004634   Data          32  producer_consumer.o(.bss)
    sem_full                                 0x20004654   Data          32  producer_consumer.o(.bss)
    Image$$RW_IRAM1$$ZI$$Limit               0x20005830   Number         0  anon$$obj.o ABSOLUTE
    __initial_sp                             0x20005830   Data           0  startup_stm32f103xe.o(STACK)



==============================================================================

Memory Map of the image

  Image Entry point : 0x08000131

  Load Region LR_IROM1 (Base: 0x08000000, Size: 0x0000fb24, Max: 0x000c0000, ABSOLUTE, COMPRESSED[0x0000f8bc])

    Execution Region ER_IROM1 (Exec base: 0x08000000, Load base: 0x08000000, Size: 0x0000f828, Max: 0x000c0000, ABSOLUTE)

    Exec Addr    Load Addr    Size         Type   Attr      Idx    E Section Name        Object

    0x08000000   0x08000000   0x00000130   Data   RO         1328    RESET               startup_stm32f103xe.o
    0x08000130   0x08000130   0x00000000   Code   RO         2061  * .ARM.Collect$$$$00000000  mc_w.l(entry.o)
    0x08000130   0x08000130   0x00000004   Code   RO         2082    .ARM.Collect$$$$00000001  mc_w.l(entry2.o)
    0x08000134   0x08000134   0x00000004   Code   RO         2085    .ARM.Collect$$$$00000004  mc_w.l(entry5.o)
    0x08000138   0x08000138   0x00000000   Code   RO         2087    .ARM.Collect$$$$00000008  mc_w.l(entry7b.o)
    0x08000138   0x08000138   0x00000000   Code   RO         2089    .ARM.Collect$$$$0000000A  mc_w.l(entry8b.o)
    0x08000138   0x08000138   0x00000008   Code   RO         2090    .ARM.Collect$$$$0000000B  mc_w.l(entry9a.o)
    0x08000140   0x08000140   0x00000000   Code   RO         2092    .ARM.Collect$$$$0000000D  mc_w.l(entry10a.o)
    0x08000140   0x08000140   0x00000000   Code   RO         2094    .ARM.Collect$$$$0000000F  mc_w.l(entry11a.o)
    0x08000140   0x08000140   0x00000004   Code   RO         2083    .ARM.Collect$$$$00002712  mc_w.l(entry2.o)
    0x08000144   0x08000144   0x00000070   Code   RO            1    .text               main.o
    0x080001b4   0x080001b4   0x00000190   Code   RO          111    .text               board.o
    0x08000344   0x08000344   0x00000010   Code   RO          270    .text               stm32f1xx_it.o
    0x08000354   0x08000354   0x0000057c   Code   RO          297    .text               drv_gpio.o
    0x080008d0   0x080008d0   0x000004cc   Code   RO          356    .text               drv_usart.o
    0x08000d9c   0x08000d9c   0x000000f4   Code   RO          393    .text               system_stm32f1xx.o
    0x08000e90   0x08000e90   0x000004e8   Code   RO          460    .text               stm32f1xx_hal_gpio.o
    0x08001378   0x08001378   0x00000ee4   Code   RO          560    .text               stm32f1xx_hal_dma.o
    0x0800225c   0x0800225c   0x000002c4   Code   RO          584    .text               stm32f1xx_hal_cortex.o
    0x08002520   0x08002520   0x000008a8   Code   RO          708    .text               stm32f1xx_hal_rcc.o
    0x08002dc8   0x08002dc8   0x0000120a   Code   RO          894    .text               stm32f1xx_hal_uart.o
    0x08003fd2   0x08003fd2   0x00000002   PAD
    0x08003fd4   0x08003fd4   0x0000015c   Code   RO          960    .text               stm32f1xx_hal.o
    0x08004130   0x08004130   0x00000024   Code   RO         1329    .text               startup_stm32f103xe.o
    0x08004154   0x08004154   0x0000006c   Code   RO         1333    .text               clock.o
    0x080041c0   0x080041c0   0x000000dc   Code   RO         1347    .text               components.o
    0x0800429c   0x0800429c   0x00000530   Code   RO         1366    .text               device.o
    0x080047cc   0x080047cc   0x000001d4   Code   RO         1379    .text               idle.o
    0x080049a0   0x080049a0   0x00001c08   Code   RO         1398    .text               ipc.o
    0x080065a8   0x080065a8   0x0000007c   Code   RO         1416    .text               irq.o
    0x08006624   0x08006624   0x00000ab0   Code   RO         1431    .text               kservice.o
    0x080070d4   0x080070d4   0x000008f4   Code   RO         1451    .text               mem.o
    0x080079c8   0x080079c8   0x000004f0   Code   RO         1497    .text               mempool.o
    0x08007eb8   0x08007eb8   0x00000378   Code   RO         1515    .text               object.o
    0x08008230   0x08008230   0x00000308   Code   RO         1534    .text               scheduler.o
    0x08008538   0x08008538   0x000005c4   Code   RO         1555    .text               signal.o
    0x08008afc   0x08008afc   0x0000059c   Code   RO         1585    .text               timer.o
    0x08009098   0x08009098   0x000007f8   Code   RO         1604    .text               thread.o
    0x08009890   0x08009890   0x000005d4   Code   RO         1624    .text               cpuport.o
    0x08009e64   0x08009e64   0x000000f0   Code   RO         1640    .text               context_rvds.o
    0x08009f54   0x08009f54   0x00000250   Code   RO         1644    .text               pin.o
    0x0800a1a4   0x0800a1a4   0x00000530   Code   RO         1662    .text               serial.o
    0x0800a6d4   0x0800a6d4   0x000008bc   Code   RO         1675    .text               shell.o
    0x0800af90   0x0800af90   0x00000bfc   Code   RO         1716    .text               cmd.o
    0x0800bb8c   0x0800bb8c   0x00000368   Code   RO         1737    .text               msh.o
    0x0800bef4   0x0800bef4   0x00000022   Code   RO         1754    .text               msh_cmd.o
    0x0800bf16   0x0800bf16   0x00000002   PAD
    0x0800bf18   0x0800bf18   0x000000d0   Code   RO         1776    .text               dynmem_sample.o
    0x0800bfe8   0x0800bfe8   0x00000204   Code   RO         1792    .text               event_sample.o
    0x0800c1ec   0x0800c1ec   0x00000138   Code   RO         1809    .text               idlehook_sample.o
    0x0800c324   0x0800c324   0x000000b8   Code   RO         1826    .text               interrupt_sample.o
    0x0800c3dc   0x0800c3dc   0x00000194   Code   RO         1843    .text               mailbox_sample.o
    0x0800c570   0x0800c570   0x00000160   Code   RO         1861    .text               memp_sample.o
    0x0800c6d0   0x0800c6d0   0x0000025c   Code   RO         1879    .text               msgq_sample.o
    0x0800c92c   0x0800c92c   0x000001b0   Code   RO         1896    .text               mutex_sample.o
    0x0800cadc   0x0800cadc   0x00000254   Code   RO         1914    .text               priority_inversion.o
    0x0800cd30   0x0800cd30   0x000002d8   Code   RO         1931    .text               producer_consumer.o
    0x0800d008   0x0800d008   0x000000d8   Code   RO         1949    .text               scheduler_hook.o
    0x0800d0e0   0x0800d0e0   0x000001fc   Code   RO         1966    .text               semaphore_sample.o
    0x0800d2dc   0x0800d2dc   0x000000bc   Code   RO         1984    .text               signal_sample.o
    0x0800d398   0x0800d398   0x000000e8   Code   RO         2001    .text               thread_sample.o
    0x0800d480   0x0800d480   0x00000104   Code   RO         2019    .text               timer_sample.o
    0x0800d584   0x0800d584   0x000000b4   Code   RO         2036    .text               timeslice_sample.o
    0x0800d638   0x0800d638   0x00000024   Code   RO         2066    .text               mc_w.l(memcpya.o)
    0x0800d65c   0x0800d65c   0x00000024   Code   RO         2068    .text               mc_w.l(memseta.o)
    0x0800d680   0x0800d680   0x00000018   Code   RO         2070    .text               mc_w.l(strcat.o)
    0x0800d698   0x0800d698   0x0000000e   Code   RO         2072    .text               mc_w.l(strlen.o)
    0x0800d6a6   0x0800d6a6   0x0000001a   Code   RO         2074    .text               mc_w.l(memcmp.o)
    0x0800d6c0   0x0800d6c0   0x00000012   Code   RO         2076    .text               mc_w.l(strcpy.o)
    0x0800d6d2   0x0800d6d2   0x0000001e   Code   RO         2078    .text               mc_w.l(strncmp.o)
    0x0800d6f0   0x0800d6f0   0x00000024   Code   RO         2096    .text               mc_w.l(init.o)
    0x0800d714   0x0800d714   0x00000056   Code   RO         2106    .text               mc_w.l(__dczerorl2.o)
    0x0800d76a   0x0800d76a   0x0000000e   Code   RO         2100    i.__scatterload_copy  mc_w.l(handlers.o)
    0x0800d778   0x0800d778   0x00000002   Code   RO         2101    i.__scatterload_null  mc_w.l(handlers.o)
    0x0800d77a   0x0800d77a   0x0000000e   Code   RO         2102    i.__scatterload_zeroinit  mc_w.l(handlers.o)
    0x0800d788   0x0800d788   0x00000013   Data   RO          112    .constdata          board.o
    0x0800d79b   0x0800d79b   0x00000001   PAD
    0x0800d79c   0x0800d79c   0x00000968   Data   RO          298    .constdata          drv_gpio.o
    0x0800e104   0x0800e104   0x0000006f   Data   RO          358    .constdata          drv_usart.o
    0x0800e173   0x0800e173   0x00000018   Data   RO          394    .constdata          system_stm32f1xx.o
    0x0800e18b   0x0800e18b   0x00000014   Data   RO         1348    .constdata          components.o
    0x0800e19f   0x0800e19f   0x000000c9   Data   RO         1367    .constdata          device.o
    0x0800e268   0x0800e268   0x00000016   Data   RO         1381    .constdata          idle.o
    0x0800e27e   0x0800e27e   0x000001f7   Data   RO         1399    .constdata          ipc.o
    0x0800e475   0x0800e475   0x00000122   Data   RO         1433    .constdata          kservice.o
    0x0800e597   0x0800e597   0x00000046   Data   RO         1453    .constdata          mem.o
    0x0800e5dd   0x0800e5dd   0x0000003e   Data   RO         1498    .constdata          mempool.o
    0x0800e61b   0x0800e61b   0x00000080   Data   RO         1516    .constdata          object.o
    0x0800e69b   0x0800e69b   0x0000004e   Data   RO         1536    .constdata          scheduler.o
    0x0800e6e9   0x0800e6e9   0x00000048   Data   RO         1556    .constdata          signal.o
    0x0800e731   0x0800e731   0x0000005c   Data   RO         1586    .constdata          timer.o
    0x0800e78d   0x0800e78d   0x000000b9   Data   RO         1605    .constdata          thread.o
    0x0800e846   0x0800e846   0x00000013   Data   RO         1625    .constdata          cpuport.o
    0x0800e859   0x0800e859   0x0000007e   Data   RO         1646    .constdata          pin.o
    0x0800e8d7   0x0800e8d7   0x000000b5   Data   RO         1663    .constdata          serial.o
    0x0800e98c   0x0800e98c   0x0000005b   Data   RO         1677    .constdata          shell.o
    0x0800e9e7   0x0800e9e7   0x00000001   PAD
    0x0800e9e8   0x0800e9e8   0x00000050   Data   RO         1717    .constdata          cmd.o
    0x0800ea38   0x0800ea38   0x0000000e   Data   RO         1738    .constdata          msh.o
    0x0800ea46   0x0800ea46   0x00000002   PAD
    0x0800ea48   0x0800ea48   0x00000043   Data   RO          113    .conststring        board.o
    0x0800ea8b   0x0800ea8b   0x00000001   PAD
    0x0800ea8c   0x0800ea8c   0x0000015a   Data   RO         1400    .conststring        ipc.o
    0x0800ebe6   0x0800ebe6   0x00000002   PAD
    0x0800ebe8   0x0800ebe8   0x000000ed   Data   RO         1454    .conststring        mem.o
    0x0800ecd5   0x0800ecd5   0x00000003   PAD
    0x0800ecd8   0x0800ecd8   0x00000042   Data   RO         1606    .conststring        thread.o
    0x0800ed1a   0x0800ed1a   0x00000002   PAD
    0x0800ed1c   0x0800ed1c   0x0000015d   Data   RO         1718    .conststring        cmd.o
    0x0800ee79   0x0800ee79   0x00000025   Data   RO            2    .rodata.name        main.o
    0x0800ee9e   0x0800ee9e   0x00000027   Data   RO         1456    .rodata.name        mem.o
    0x0800eec5   0x0800eec5   0x00000069   Data   RO         1647    .rodata.name        pin.o
    0x0800ef2e   0x0800ef2e   0x00000385   Data   RO         1719    .rodata.name        cmd.o
    0x0800f2b3   0x0800f2b3   0x00000021   Data   RO         1739    .rodata.name        msh.o
    0x0800f2d4   0x0800f2d4   0x0000007b   Data   RO         1755    .rodata.name        msh_cmd.o
    0x0800f34f   0x0800f34f   0x00000022   Data   RO         1777    .rodata.name        dynmem_sample.o
    0x0800f371   0x0800f371   0x00000020   Data   RO         1794    .rodata.name        event_sample.o
    0x0800f391   0x0800f391   0x00000028   Data   RO         1811    .rodata.name        idlehook_sample.o
    0x0800f3b9   0x0800f3b9   0x00000028   Data   RO         1828    .rodata.name        interrupt_sample.o
    0x0800f3e1   0x0800f3e1   0x00000024   Data   RO         1846    .rodata.name        mailbox_sample.o
    0x0800f405   0x0800f405   0x00000024   Data   RO         1864    .rodata.name        memp_sample.o
    0x0800f429   0x0800f429   0x0000001e   Data   RO         1881    .rodata.name        msgq_sample.o
    0x0800f447   0x0800f447   0x00000020   Data   RO         1899    .rodata.name        mutex_sample.o
    0x0800f467   0x0800f467   0x00000029   Data   RO         1916    .rodata.name        priority_inversion.o
    0x0800f490   0x0800f490   0x00000031   Data   RO         1934    .rodata.name        producer_consumer.o
    0x0800f4c1   0x0800f4c1   0x0000002b   Data   RO         1951    .rodata.name        scheduler_hook.o
    0x0800f4ec   0x0800f4ec   0x00000028   Data   RO         1969    .rodata.name        semaphore_sample.o
    0x0800f514   0x0800f514   0x00000022   Data   RO         1986    .rodata.name        signal_sample.o
    0x0800f536   0x0800f536   0x00000022   Data   RO         2004    .rodata.name        thread_sample.o
    0x0800f558   0x0800f558   0x00000020   Data   RO         2021    .rodata.name        timer_sample.o
    0x0800f578   0x0800f578   0x00000028   Data   RO         2037    .rodata.name        timeslice_sample.o
    0x0800f5a0   0x0800f5a0   0x00000004   Data   RO         1349    .rti_fn.0           components.o
    0x0800f5a4   0x0800f5a4   0x00000004   Data   RO         1350    .rti_fn.0.end       components.o
    0x0800f5a8   0x0800f5a8   0x00000004   Data   RO          300    .rti_fn.1           drv_gpio.o
    0x0800f5ac   0x0800f5ac   0x00000004   Data   RO          360    .rti_fn.1           drv_usart.o
    0x0800f5b0   0x0800f5b0   0x00000004   Data   RO         1351    .rti_fn.1.end       components.o
    0x0800f5b4   0x0800f5b4   0x00000004   Data   RO         1679    .rti_fn.6           shell.o
    0x0800f5b8   0x0800f5b8   0x00000004   Data   RO         1352    .rti_fn.6.end       components.o
    0x0800f5bc   0x0800f5bc   0x0000000c   Data   RO            3    FSymTab             main.o
    0x0800f5c8   0x0800f5c8   0x0000000c   Data   RO         1457    FSymTab             mem.o
    0x0800f5d4   0x0800f5d4   0x00000024   Data   RO         1648    FSymTab             pin.o
    0x0800f5f8   0x0800f5f8   0x00000120   Data   RO         1720    FSymTab             cmd.o
    0x0800f718   0x0800f718   0x0000000c   Data   RO         1740    FSymTab             msh.o
    0x0800f724   0x0800f724   0x00000024   Data   RO         1756    FSymTab             msh_cmd.o
    0x0800f748   0x0800f748   0x0000000c   Data   RO         1778    FSymTab             dynmem_sample.o
    0x0800f754   0x0800f754   0x0000000c   Data   RO         1795    FSymTab             event_sample.o
    0x0800f760   0x0800f760   0x0000000c   Data   RO         1812    FSymTab             idlehook_sample.o
    0x0800f76c   0x0800f76c   0x0000000c   Data   RO         1829    FSymTab             interrupt_sample.o
    0x0800f778   0x0800f778   0x0000000c   Data   RO         1847    FSymTab             mailbox_sample.o
    0x0800f784   0x0800f784   0x0000000c   Data   RO         1865    FSymTab             memp_sample.o
    0x0800f790   0x0800f790   0x0000000c   Data   RO         1882    FSymTab             msgq_sample.o
    0x0800f79c   0x0800f79c   0x0000000c   Data   RO         1900    FSymTab             mutex_sample.o
    0x0800f7a8   0x0800f7a8   0x0000000c   Data   RO         1917    FSymTab             priority_inversion.o
    0x0800f7b4   0x0800f7b4   0x0000000c   Data   RO         1935    FSymTab             producer_consumer.o
    0x0800f7c0   0x0800f7c0   0x0000000c   Data   RO         1952    FSymTab             scheduler_hook.o
    0x0800f7cc   0x0800f7cc   0x0000000c   Data   RO         1970    FSymTab             semaphore_sample.o
    0x0800f7d8   0x0800f7d8   0x0000000c   Data   RO         1987    FSymTab             signal_sample.o
    0x0800f7e4   0x0800f7e4   0x0000000c   Data   RO         2005    FSymTab             thread_sample.o
    0x0800f7f0   0x0800f7f0   0x0000000c   Data   RO         2022    FSymTab             timer_sample.o
    0x0800f7fc   0x0800f7fc   0x0000000c   Data   RO         2038    FSymTab             timeslice_sample.o
    0x0800f808   0x0800f808   0x00000020   Data   RO         2098    Region$$Table       anon$$obj.o


    Execution Region RW_IRAM1 (Exec base: 0x20000000, Load base: 0x0800f828, Size: 0x00005830, Max: 0x00018000, ABSOLUTE, COMPRESSED[0x00000094])

    Exec Addr    Load Addr    Size         Type   Attr      Idx    E Section Name        Object

    0x20000000   COMPRESSED   0x000000c0   Data   RW          299    .data               drv_gpio.o
    0x200000c0   COMPRESSED   0x00000044   Data   RW          359    .data               drv_usart.o
    0x20000104   COMPRESSED   0x00000004   Data   RW          395    .data               system_stm32f1xx.o
    0x20000108   COMPRESSED   0x00000004   Data   RW          961    .data               stm32f1xx_hal.o
    0x2000010c   COMPRESSED   0x00000004   Data   RW         1334    .data               clock.o
    0x20000110   COMPRESSED   0x00000009   Data   RW         1417    .data               irq.o
    0x20000119   COMPRESSED   0x00000003   PAD
    0x2000011c   COMPRESSED   0x0000000c   Data   RW         1434    .data               kservice.o
    0x20000128   COMPRESSED   0x00000020   Data   RW         1455    .data               mem.o
    0x20000148   COMPRESSED   0x00000008   Data   RW         1499    .data               mempool.o
    0x20000150   COMPRESSED   0x000000b4   Data   RW         1517    .data               object.o
    0x20000204   COMPRESSED   0x0000001c   Data   RW         1537    .data               scheduler.o
    0x20000220   COMPRESSED   0x00000004   Data   RW         1557    .data               signal.o
    0x20000224   COMPRESSED   0x00000010   Data   RW         1587    .data               timer.o
    0x20000234   COMPRESSED   0x0000000c   Data   RW         1607    .data               thread.o
    0x20000240   COMPRESSED   0x00000010   Data   RW         1626    .data               cpuport.o
    0x20000250   COMPRESSED   0x00000004   Data   RW         1678    .data               shell.o
    0x20000254   COMPRESSED   0x00000010   Data   RW         1700    .data               symbol.o
    0x20000264   COMPRESSED   0x00000008   Data   RW         1810    .data               idlehook_sample.o
    0x2000026c   COMPRESSED   0x00000004   Data   RW         1827    .data               interrupt_sample.o
    0x20000270   COMPRESSED   0x00000027   Data   RW         1845    .data               mailbox_sample.o
    0x20000297   COMPRESSED   0x00000001   PAD
    0x20000298   COMPRESSED   0x00000008   Data   RW         1863    .data               memp_sample.o
    0x200002a0   COMPRESSED   0x00000006   Data   RW         1898    .data               mutex_sample.o
    0x200002a6   COMPRESSED   0x00000002   PAD
    0x200002a8   COMPRESSED   0x00000010   Data   RW         1915    .data               priority_inversion.o
    0x200002b8   COMPRESSED   0x00000010   Data   RW         1933    .data               producer_consumer.o
    0x200002c8   COMPRESSED   0x00000010   Data   RW         1950    .data               scheduler_hook.o
    0x200002d8   COMPRESSED   0x0000000d   Data   RW         1968    .data               semaphore_sample.o
    0x200002e5   COMPRESSED   0x00000003   PAD
    0x200002e8   COMPRESSED   0x00000004   Data   RW         1985    .data               signal_sample.o
    0x200002ec   COMPRESSED   0x00000004   Data   RW         2003    .data               thread_sample.o
    0x200002f0   COMPRESSED   0x0000000c   Data   RW         2020    .data               timer_sample.o
    0x200002fc        -       0x00000054   Zero   RW          357    .bss                drv_usart.o
    0x20000350        -       0x000001a4   Zero   RW         1380    .bss                idle.o
    0x200004f4        -       0x00000080   Zero   RW         1432    .bss                kservice.o
    0x20000574        -       0x00000020   Zero   RW         1452    .bss                mem.o
    0x20000594        -       0x00000100   Zero   RW         1535    .bss                scheduler.o
    0x20000694        -       0x00000044   Zero   RW         1645    .bss                pin.o
    0x200006d8        -       0x00000081   Zero   RW         1676    .bss                shell.o
    0x20000759   COMPRESSED   0x00000003   PAD
    0x2000075c        -       0x00000948   Zero   RW         1793    .bss                event_sample.o
    0x200010a4        -       0x000009d8   Zero   RW         1844    .bss                mailbox_sample.o
    0x20001a7c        -       0x00001100   Zero   RW         1862    .bss                memp_sample.o
    0x20002b7c        -       0x0000115c   Zero   RW         1880    .bss                msgq_sample.o
    0x20003cd8        -       0x00000928   Zero   RW         1897    .bss                mutex_sample.o
    0x20004600        -       0x00000074   Zero   RW         1932    .bss                producer_consumer.o
    0x20004674        -       0x00000928   Zero   RW         1967    .bss                semaphore_sample.o
    0x20004f9c        -       0x00000494   Zero   RW         2002    .bss                thread_sample.o
    0x20005430        -       0x00000400   Zero   RW         1326    STACK               startup_stm32f103xe.o


==============================================================================

Image component sizes


      Code (inc. data)   RO Data    RW Data    ZI Data      Debug   Object Name

       400         80         86          0          0     457708   board.o
       108          6          0          4          0       1304   clock.o
      3068       1334       1618          0          0      14707   cmd.o
       220         42         36          0          0       2454   components.o
       240         26          0          0          0        720   context_rvds.o
      1492        718         19         16          0       3739   cpuport.o
      1328        312        201          0          0       5542   device.o
      1404         44       2412        192          0      11978   drv_gpio.o
      1228        178        115         68         84      26187   drv_usart.o
       208         92         46          0          0       1487   dynmem_sample.o
       516        264         44          0       2376       1861   event_sample.o
       468         78         22          0        420       5132   idle.o
       312        136         52          8          0       1657   idlehook_sample.o
       184         58         52          4          0       1546   interrupt_sample.o
      7176       1040        849          0          0      22095   ipc.o
       124         14          0          9          0       1684   irq.o
      2736        228        290         12        128      12068   kservice.o
       404        174         48         39       2520       2009   mailbox_sample.o
       112         36         49          0          0      19272   main.o
      2292        644        358         32         32       5283   mem.o
       352        118         48          8       4352       1789   memp_sample.o
      1264        264         62          8          0       6774   mempool.o
       604        296         42          0       4444       1945   msgq_sample.o
       872        136         59          0          0       4112   msh.o
        34          0        159          0          0       2091   msh_cmd.o
       432        178         44          6       2344       1793   mutex_sample.o
       888        186        128        180          0       7995   object.o
       592         94        267          0         68       4891   pin.o
       596        218         53         16          0       2009   priority_inversion.o
       728        290         61         16        116       2115   producer_consumer.o
       776        148         78         28        256       6309   scheduler.o
       216         82         55         16          0       1703   scheduler_hook.o
       508        264         52         13       2344       1905   semaphore_sample.o
      1328        148        181          0          0       5785   serial.o
      2236        222         95          4        129       5673   shell.o
      1476        172         72          4          0       7996   signal.o
       188         64         46          4          0       1624   signal_sample.o
        36          8        304          0       1024        836   startup_stm32f103xe.o
       348         30          0          4          0       3931   stm32f1xx_hal.o
       708         22          0          0          0      27170   stm32f1xx_hal_cortex.o
      3812         40          0          0          0       6541   stm32f1xx_hal_dma.o
      1256         42          0          0          0       3807   stm32f1xx_hal_gpio.o
      2216         94          0          0          0       5183   stm32f1xx_hal_rcc.o
      4618         46          0          0          0      15784   stm32f1xx_hal_uart.o
        16          0          0          0          0        769   stm32f1xx_it.o
         0          0          0         16          0       4893   symbol.o
       244         32         24          4          0       1553   system_stm32f1xx.o
      2040        416        251         12          0      10318   thread.o
       232         92         46          4       1172       1669   thread_sample.o
      1436        268         92         16          0       8427   timer.o
       260        128         44         12          0       1529   timer_sample.o
       180         66         52          0          0       1509   timeslice_sample.o

    ----------------------------------------------------------------------
     54516       9668       8656        764      21812     758861   Object Totals
         0          0         32          0          0          0   (incl. Generated)
         4          0         12          9          3          0   (incl. Padding)

    ----------------------------------------------------------------------

      Code (inc. data)   RO Data    RW Data    ZI Data      Debug   Library Member Name

        86          0          0          0          0          0   __dczerorl2.o
         0          0          0          0          0          0   entry.o
         0          0          0          0          0          0   entry10a.o
         0          0          0          0          0          0   entry11a.o
         8          4          0          0          0          0   entry2.o
         4          0          0          0          0          0   entry5.o
         0          0          0          0          0          0   entry7b.o
         0          0          0          0          0          0   entry8b.o
         8          4          0          0          0          0   entry9a.o
        30          0          0          0          0          0   handlers.o
        36          8          0          0          0         68   init.o
        26          0          0          0          0         80   memcmp.o
        36          0          0          0          0         68   memcpya.o
        36          0          0          0          0        108   memseta.o
        24          0          0          0          0         68   strcat.o
        18          0          0          0          0         68   strcpy.o
        14          0          0          0          0         68   strlen.o
        30          0          0          0          0         80   strncmp.o

    ----------------------------------------------------------------------
       356         16          0          0          0        608   Library Totals
         0          0          0          0          0          0   (incl. Padding)

    ----------------------------------------------------------------------

      Code (inc. data)   RO Data    RW Data    ZI Data      Debug   Library Name

       356         16          0          0          0        608   mc_w.l

    ----------------------------------------------------------------------
       356         16          0          0          0        608   Library Totals

    ----------------------------------------------------------------------

==============================================================================


      Code (inc. data)   RO Data    RW Data    ZI Data      Debug   

     54872       9684       8656        764      21812     755073   Grand Totals
     54872       9684       8656        148      21812     755073   ELF Image Totals (compressed)
     54872       9684       8656        148          0          0   ROM Totals

==============================================================================

    Total RO  Size (Code + RO Data)                63528 (  62.04kB)
    Total RW  Size (RW Data + ZI Data)             22576 (  22.05kB)
    Total ROM Size (Code + RO Data + RW Data)      63676 (  62.18kB)

==============================================================================

